[2023-08-14T10:05:43.529+0100][gc,heap] Heap region size: 1M
[2023-08-14T10:05:43.538+0100][gc     ] Using G1
[2023-08-14T10:05:43.539+0100][gc,heap,coops] Heap address: 0x00000000c0000000, size: 1024 MB, Compressed Oops mode: 32-bit
[2023-08-14T10:05:48.876+0100][gc,start     ] GC(0) Pause Young (Concurrent Start) (Metadata GC Threshold)
[2023-08-14T10:05:48.879+0100][gc,task      ] GC(0) Using 10 workers of 10 for evacuation
[2023-08-14T10:05:48.889+0100][gc,phases    ] GC(0)   Pre Evacuate Collection Set: 0.0ms
[2023-08-14T10:05:48.890+0100][gc,phases    ] GC(0)   Evacuate Collection Set: 8.4ms
[2023-08-14T10:05:48.892+0100][gc,phases    ] GC(0)   Post Evacuate Collection Set: 1.0ms
[2023-08-14T10:05:48.892+0100][gc,phases    ] GC(0)   Other: 3.9ms
[2023-08-14T10:05:48.893+0100][gc,heap      ] GC(0) Eden regions: 47->0(44)
[2023-08-14T10:05:48.894+0100][gc,heap      ] GC(0) Survivor regions: 0->7(7)
[2023-08-14T10:05:48.894+0100][gc,heap      ] GC(0) Old regions: 0->0
[2023-08-14T10:05:48.895+0100][gc,heap      ] GC(0) Humongous regions: 0->0
[2023-08-14T10:05:48.895+0100][gc,metaspace ] GC(0) Metaspace: 20894K(21296K)->20894K(21296K) NonClass: 18629K(18864K)->18629K(18864K) Class: 2264K(2432K)->2264K(2432K)
[2023-08-14T10:05:48.896+0100][gc           ] GC(0) Pause Young (Concurrent Start) (Metadata GC Threshold) 46M->6M(1024M) 20.476ms
[2023-08-14T10:05:48.897+0100][gc,cpu       ] GC(0) User=0.02s Sys=0.01s Real=0.02s
[2023-08-14T10:05:48.897+0100][gc           ] GC(1) Concurrent Cycle
[2023-08-14T10:05:48.898+0100][gc,marking   ] GC(1) Concurrent Clear Claimed Marks
[2023-08-14T10:05:48.899+0100][gc,marking   ] GC(1) Concurrent Clear Claimed Marks 0.646ms
[2023-08-14T10:05:48.899+0100][gc,marking   ] GC(1) Concurrent Scan Root Regions
[2023-08-14T10:05:48.902+0100][gc,marking   ] GC(1) Concurrent Scan Root Regions 3.027ms
[2023-08-14T10:05:48.903+0100][gc,marking   ] GC(1) Concurrent Mark (5.772s)
[2023-08-14T10:05:48.904+0100][gc,marking   ] GC(1) Concurrent Mark From Roots
[2023-08-14T10:05:48.905+0100][gc,task      ] GC(1) Using 3 workers of 3 for marking
[2023-08-14T10:05:48.906+0100][gc,marking   ] GC(1) Concurrent Mark From Roots 1.810ms
[2023-08-14T10:05:48.906+0100][gc,marking   ] GC(1) Concurrent Preclean
[2023-08-14T10:05:48.907+0100][gc,marking   ] GC(1) Concurrent Preclean 0.685ms
[2023-08-14T10:05:48.908+0100][gc,marking   ] GC(1) Concurrent Mark (5.772s, 5.776s) 4.421ms
[2023-08-14T10:05:48.909+0100][gc,start     ] GC(1) Pause Remark
[2023-08-14T10:05:48.911+0100][gc,stringtable] GC(1) Cleaned string and symbol table, strings: 7372 processed, 0 removed, symbols: 65358 processed, 29 removed
[2023-08-14T10:05:48.912+0100][gc            ] GC(1) Pause Remark 7M->7M(1024M) 3.711ms
[2023-08-14T10:05:48.913+0100][gc,cpu        ] GC(1) User=0.01s Sys=0.00s Real=0.01s
[2023-08-14T10:05:48.914+0100][gc,marking    ] GC(1) Concurrent Rebuild Remembered Sets
[2023-08-14T10:05:48.915+0100][gc,marking    ] GC(1) Concurrent Rebuild Remembered Sets 0.943ms
[2023-08-14T10:05:48.916+0100][gc,start      ] GC(1) Pause Cleanup
[2023-08-14T10:05:48.917+0100][gc            ] GC(1) Pause Cleanup 7M->7M(1024M) 1.019ms
[2023-08-14T10:05:48.918+0100][gc,cpu        ] GC(1) User=0.00s Sys=0.00s Real=0.00s
[2023-08-14T10:05:48.919+0100][gc,marking    ] GC(1) Concurrent Cleanup for Next Mark
[2023-08-14T10:05:48.925+0100][gc,marking    ] GC(1) Concurrent Cleanup for Next Mark 6.294ms
[2023-08-14T10:05:48.926+0100][gc            ] GC(1) Concurrent Cycle 28.607ms
[2023-08-14T10:05:50.947+0100][gc,start      ] GC(2) Pause Young (Normal) (G1 Evacuation Pause)
[2023-08-14T10:05:50.948+0100][gc,task       ] GC(2) Using 10 workers of 10 for evacuation
[2023-08-14T10:05:50.964+0100][gc,phases     ] GC(2)   Pre Evacuate Collection Set: 0.0ms
[2023-08-14T10:05:50.964+0100][gc,phases     ] GC(2)   Evacuate Collection Set: 14.5ms
[2023-08-14T10:05:50.965+0100][gc,phases     ] GC(2)   Post Evacuate Collection Set: 1.0ms
[2023-08-14T10:05:50.965+0100][gc,phases     ] GC(2)   Other: 1.5ms
[2023-08-14T10:05:50.966+0100][gc,heap       ] GC(2) Eden regions: 44->0(48)
[2023-08-14T10:05:50.966+0100][gc,heap       ] GC(2) Survivor regions: 7->3(7)
[2023-08-14T10:05:50.967+0100][gc,heap       ] GC(2) Old regions: 0->7
[2023-08-14T10:05:50.967+0100][gc,heap       ] GC(2) Humongous regions: 0->0
[2023-08-14T10:05:50.968+0100][gc,metaspace  ] GC(2) Metaspace: 28660K(29568K)->28660K(29568K) NonClass: 25590K(26112K)->25590K(26112K) Class: 3070K(3456K)->3070K(3456K)
[2023-08-14T10:05:50.969+0100][gc            ] GC(2) Pause Young (Normal) (G1 Evacuation Pause) 50M->9M(1024M) 21.823ms
[2023-08-14T10:05:50.969+0100][gc,cpu        ] GC(2) User=0.02s Sys=0.12s Real=0.02s
[2023-08-14T10:05:52.899+0100][gc,start      ] GC(3) Pause Young (Concurrent Start) (Metadata GC Threshold)
[2023-08-14T10:05:52.899+0100][gc,task       ] GC(3) Using 10 workers of 10 for evacuation
[2023-08-14T10:05:52.907+0100][gc,phases     ] GC(3)   Pre Evacuate Collection Set: 0.1ms
[2023-08-14T10:05:52.908+0100][gc,phases     ] GC(3)   Evacuate Collection Set: 5.9ms
[2023-08-14T10:05:52.908+0100][gc,phases     ] GC(3)   Post Evacuate Collection Set: 0.9ms
[2023-08-14T10:05:52.909+0100][gc,phases     ] GC(3)   Other: 1.7ms
[2023-08-14T10:05:52.910+0100][gc,heap       ] GC(3) Eden regions: 29->0(47)
[2023-08-14T10:05:52.911+0100][gc,heap       ] GC(3) Survivor regions: 3->4(7)
[2023-08-14T10:05:52.911+0100][gc,heap       ] GC(3) Old regions: 7->7
[2023-08-14T10:05:52.912+0100][gc,heap       ] GC(3) Humongous regions: 0->0
[2023-08-14T10:05:52.913+0100][gc,metaspace  ] GC(3) Metaspace: 34908K(35968K)->34908K(35968K) NonClass: 31129K(31744K)->31129K(31744K) Class: 3779K(4224K)->3779K(4224K)
[2023-08-14T10:05:52.913+0100][gc            ] GC(3) Pause Young (Concurrent Start) (Metadata GC Threshold) 38M->10M(1024M) 14.673ms
[2023-08-14T10:05:52.914+0100][gc,cpu        ] GC(3) User=0.02s Sys=0.01s Real=0.02s
[2023-08-14T10:05:52.915+0100][gc            ] GC(4) Concurrent Cycle
[2023-08-14T10:05:52.915+0100][gc,marking    ] GC(4) Concurrent Clear Claimed Marks
[2023-08-14T10:05:52.916+0100][gc,marking    ] GC(4) Concurrent Clear Claimed Marks 0.820ms
[2023-08-14T10:05:52.917+0100][gc,marking    ] GC(4) Concurrent Scan Root Regions
[2023-08-14T10:05:52.919+0100][gc,marking    ] GC(4) Concurrent Scan Root Regions 2.505ms
[2023-08-14T10:05:52.920+0100][gc,marking    ] GC(4) Concurrent Mark (9.788s)
[2023-08-14T10:05:52.920+0100][gc,marking    ] GC(4) Concurrent Mark From Roots
[2023-08-14T10:05:52.921+0100][gc,task       ] GC(4) Using 3 workers of 3 for marking
[2023-08-14T10:05:52.926+0100][gc,marking    ] GC(4) Concurrent Mark From Roots 5.688ms
[2023-08-14T10:05:52.927+0100][gc,marking    ] GC(4) Concurrent Preclean
[2023-08-14T10:05:52.928+0100][gc,marking    ] GC(4) Concurrent Preclean 0.676ms
[2023-08-14T10:05:52.928+0100][gc,marking    ] GC(4) Concurrent Mark (9.788s, 9.797s) 8.393ms
[2023-08-14T10:05:52.929+0100][gc,start      ] GC(4) Pause Remark
[2023-08-14T10:05:52.932+0100][gc,stringtable] GC(4) Cleaned string and symbol table, strings: 11493 processed, 11 removed, symbols: 99192 processed, 22 removed
[2023-08-14T10:05:52.933+0100][gc            ] GC(4) Pause Remark 10M->10M(1024M) 4.112ms
[2023-08-14T10:05:52.934+0100][gc,cpu        ] GC(4) User=0.01s Sys=0.00s Real=0.00s
[2023-08-14T10:05:52.935+0100][gc,marking    ] GC(4) Concurrent Rebuild Remembered Sets
[2023-08-14T10:05:52.939+0100][gc,marking    ] GC(4) Concurrent Rebuild Remembered Sets 3.861ms
[2023-08-14T10:05:52.940+0100][gc,start      ] GC(4) Pause Cleanup
[2023-08-14T10:05:52.941+0100][gc            ] GC(4) Pause Cleanup 10M->10M(1024M) 1.131ms
[2023-08-14T10:05:52.942+0100][gc,cpu        ] GC(4) User=0.00s Sys=0.00s Real=0.00s
[2023-08-14T10:05:52.943+0100][gc,marking    ] GC(4) Concurrent Cleanup for Next Mark
[2023-08-14T10:05:52.948+0100][gc,marking    ] GC(4) Concurrent Cleanup for Next Mark 5.329ms
[2023-08-14T10:05:52.949+0100][gc            ] GC(4) Concurrent Cycle 34.265ms
[2023-08-14T10:05:54.566+0100][gc,start      ] GC(5) Pause Young (Normal) (G1 Evacuation Pause)
[2023-08-14T10:05:54.567+0100][gc,task       ] GC(5) Using 10 workers of 10 for evacuation
[2023-08-14T10:05:54.583+0100][gc,phases     ] GC(5)   Pre Evacuate Collection Set: 0.0ms
[2023-08-14T10:05:54.583+0100][gc,phases     ] GC(5)   Evacuate Collection Set: 13.4ms
[2023-08-14T10:05:54.584+0100][gc,phases     ] GC(5)   Post Evacuate Collection Set: 0.9ms
[2023-08-14T10:05:54.585+0100][gc,phases     ] GC(5)   Other: 1.8ms
[2023-08-14T10:05:54.585+0100][gc,heap       ] GC(5) Eden regions: 47->0(44)
[2023-08-14T10:05:54.586+0100][gc,heap       ] GC(5) Survivor regions: 4->7(7)
[2023-08-14T10:05:54.586+0100][gc,heap       ] GC(5) Old regions: 7->7
[2023-08-14T10:05:54.587+0100][gc,heap       ] GC(5) Humongous regions: 9->9
[2023-08-14T10:05:54.587+0100][gc,metaspace  ] GC(5) Metaspace: 41917K(43264K)->41917K(43264K) NonClass: 37405K(38144K)->37405K(38144K) Class: 4512K(5120K)->4512K(5120K)
[2023-08-14T10:05:54.588+0100][gc            ] GC(5) Pause Young (Normal) (G1 Evacuation Pause) 66M->22M(1024M) 21.611ms
[2023-08-14T10:05:54.589+0100][gc,cpu        ] GC(5) User=0.17s Sys=0.00s Real=0.02s
[2023-08-14T10:16:22.607+0100][gc,start      ] GC(6) Pause Young (Normal) (G1 Evacuation Pause)
[2023-08-14T10:16:22.609+0100][gc,task       ] GC(6) Using 10 workers of 10 for evacuation
[2023-08-14T10:16:22.651+0100][gc,mmu        ] GC(6) MMU target violated: 21.0ms (20.0ms/21.0ms)
[2023-08-14T10:16:22.653+0100][gc,phases     ] GC(6)   Pre Evacuate Collection Set: 4.5ms
[2023-08-14T10:16:22.655+0100][gc,phases     ] GC(6)   Evacuate Collection Set: 30.6ms
[2023-08-14T10:16:22.657+0100][gc,phases     ] GC(6)   Post Evacuate Collection Set: 3.5ms
[2023-08-14T10:16:22.659+0100][gc,phases     ] GC(6)   Other: 7.6ms
[2023-08-14T10:16:22.661+0100][gc,heap       ] GC(6) Eden regions: 44->0(45)
[2023-08-14T10:16:22.663+0100][gc,heap       ] GC(6) Survivor regions: 7->6(7)
[2023-08-14T10:16:22.665+0100][gc,heap       ] GC(6) Old regions: 7->10
[2023-08-14T10:16:22.667+0100][gc,heap       ] GC(6) Humongous regions: 138->138
[2023-08-14T10:16:22.668+0100][gc,metaspace  ] GC(6) Metaspace: 45312K(47104K)->45312K(47104K) NonClass: 40455K(41472K)->40455K(41472K) Class: 4856K(5632K)->4856K(5632K)
[2023-08-14T10:16:22.670+0100][gc            ] GC(6) Pause Young (Normal) (G1 Evacuation Pause) 195M->152M(1024M) 63.284ms
[2023-08-14T10:16:22.672+0100][gc,cpu        ] GC(6) User=0.24s Sys=0.05s Real=0.07s
[2023-08-14T10:20:11.514+0100][gc,heap,exit  ] Heap
[2023-08-14T10:20:11.515+0100][gc,heap,exit  ]  garbage-first heap   total 1048576K, used 190291K [0x00000000c0000000, 0x0000000100000000)
[2023-08-14T10:20:11.516+0100][gc,heap,exit  ]   region size 1024K, 31 young (31744K), 6 survivors (6144K)
[2023-08-14T10:20:11.516+0100][gc,heap,exit  ]  Metaspace       used 46180K, capacity 47924K, committed 48128K, reserved 1091584K
[2023-08-14T10:20:11.517+0100][gc,heap,exit  ]   class space    used 5060K, capacity 5831K, committed 5888K, reserved 1048576K
