[2023-08-12T08:59:23.310+0100][gc,heap] Heap region size: 1M
[2023-08-12T08:59:23.331+0100][gc     ] Using G1
[2023-08-12T08:59:23.332+0100][gc,heap,coops] Heap address: 0x00000000c0000000, size: 1024 MB, Compressed Oops mode: 32-bit
[2023-08-12T08:59:28.199+0100][gc,start     ] GC(0) Pause Young (Concurrent Start) (Metadata GC Threshold)
[2023-08-12T08:59:28.202+0100][gc,task      ] GC(0) Using 10 workers of 10 for evacuation
[2023-08-12T08:59:28.229+0100][gc,mmu       ] GC(0) MMU target violated: 21.0ms (20.0ms/21.0ms)
[2023-08-12T08:59:28.230+0100][gc,phases    ] GC(0)   Pre Evacuate Collection Set: 0.1ms
[2023-08-12T08:59:28.231+0100][gc,phases    ] GC(0)   Evacuate Collection Set: 23.4ms
[2023-08-12T08:59:28.232+0100][gc,phases    ] GC(0)   Post Evacuate Collection Set: 1.4ms
[2023-08-12T08:59:28.232+0100][gc,phases    ] GC(0)   Other: 6.6ms
[2023-08-12T08:59:28.233+0100][gc,heap      ] GC(0) Eden regions: 46->0(44)
[2023-08-12T08:59:28.234+0100][gc,heap      ] GC(0) Survivor regions: 0->7(7)
[2023-08-12T08:59:28.235+0100][gc,heap      ] GC(0) Old regions: 0->0
[2023-08-12T08:59:28.236+0100][gc,heap      ] GC(0) Humongous regions: 0->0
[2023-08-12T08:59:28.237+0100][gc,metaspace ] GC(0) Metaspace: 20746K(21296K)->20746K(21296K) NonClass: 18530K(18944K)->18530K(18944K) Class: 2215K(2352K)->2215K(2352K)
[2023-08-12T08:59:28.238+0100][gc           ] GC(0) Pause Young (Concurrent Start) (Metadata GC Threshold) 46M->6M(1024M) 39.082ms
[2023-08-12T08:59:28.238+0100][gc,cpu       ] GC(0) User=0.07s Sys=0.02s Real=0.03s
[2023-08-12T08:59:28.239+0100][gc           ] GC(1) Concurrent Cycle
[2023-08-12T08:59:28.240+0100][gc,marking   ] GC(1) Concurrent Clear Claimed Marks
[2023-08-12T08:59:28.240+0100][gc,marking   ] GC(1) Concurrent Clear Claimed Marks 0.675ms
[2023-08-12T08:59:28.241+0100][gc,marking   ] GC(1) Concurrent Scan Root Regions
[2023-08-12T08:59:28.244+0100][gc,marking   ] GC(1) Concurrent Scan Root Regions 2.911ms
[2023-08-12T08:59:28.245+0100][gc,marking   ] GC(1) Concurrent Mark (5.281s)
[2023-08-12T08:59:28.245+0100][gc,marking   ] GC(1) Concurrent Mark From Roots
[2023-08-12T08:59:28.246+0100][gc,task      ] GC(1) Using 3 workers of 3 for marking
[2023-08-12T08:59:28.247+0100][gc,marking   ] GC(1) Concurrent Mark From Roots 1.838ms
[2023-08-12T08:59:28.248+0100][gc,marking   ] GC(1) Concurrent Preclean
[2023-08-12T08:59:28.249+0100][gc,marking   ] GC(1) Concurrent Preclean 0.719ms
[2023-08-12T08:59:28.249+0100][gc,marking   ] GC(1) Concurrent Mark (5.281s, 5.286s) 4.595ms
[2023-08-12T08:59:28.251+0100][gc,start     ] GC(1) Pause Remark
[2023-08-12T08:59:28.253+0100][gc,stringtable] GC(1) Cleaned string and symbol table, strings: 7376 processed, 0 removed, symbols: 65285 processed, 31 removed
[2023-08-12T08:59:28.255+0100][gc            ] GC(1) Pause Remark 7M->7M(1024M) 4.113ms
[2023-08-12T08:59:28.255+0100][gc,cpu        ] GC(1) User=0.01s Sys=0.00s Real=0.00s
[2023-08-12T08:59:28.256+0100][gc,marking    ] GC(1) Concurrent Rebuild Remembered Sets
[2023-08-12T08:59:28.257+0100][gc,marking    ] GC(1) Concurrent Rebuild Remembered Sets 0.860ms
[2023-08-12T08:59:28.258+0100][gc,start      ] GC(1) Pause Cleanup
[2023-08-12T08:59:28.259+0100][gc            ] GC(1) Pause Cleanup 7M->7M(1024M) 1.011ms
[2023-08-12T08:59:28.260+0100][gc,cpu        ] GC(1) User=0.00s Sys=0.00s Real=0.01s
[2023-08-12T08:59:28.260+0100][gc,marking    ] GC(1) Concurrent Cleanup for Next Mark
[2023-08-12T08:59:28.263+0100][gc,marking    ] GC(1) Concurrent Cleanup for Next Mark 2.898ms
[2023-08-12T08:59:28.264+0100][gc            ] GC(1) Concurrent Cycle 25.110ms
[2023-08-12T08:59:30.148+0100][gc,start      ] GC(2) Pause Young (Normal) (G1 Evacuation Pause)
[2023-08-12T08:59:30.149+0100][gc,task       ] GC(2) Using 10 workers of 10 for evacuation
[2023-08-12T08:59:30.158+0100][gc,phases     ] GC(2)   Pre Evacuate Collection Set: 0.0ms
[2023-08-12T08:59:30.159+0100][gc,phases     ] GC(2)   Evacuate Collection Set: 7.1ms
[2023-08-12T08:59:30.159+0100][gc,phases     ] GC(2)   Post Evacuate Collection Set: 1.2ms
[2023-08-12T08:59:30.160+0100][gc,phases     ] GC(2)   Other: 1.4ms
[2023-08-12T08:59:30.160+0100][gc,heap       ] GC(2) Eden regions: 44->0(48)
[2023-08-12T08:59:30.161+0100][gc,heap       ] GC(2) Survivor regions: 7->3(7)
[2023-08-12T08:59:30.161+0100][gc,heap       ] GC(2) Old regions: 0->7
[2023-08-12T08:59:30.162+0100][gc,heap       ] GC(2) Humongous regions: 0->0
[2023-08-12T08:59:30.162+0100][gc,metaspace  ] GC(2) Metaspace: 28647K(29436K)->28647K(29436K) NonClass: 25577K(26060K)->25577K(26060K) Class: 3069K(3376K)->3069K(3376K)
[2023-08-12T08:59:30.163+0100][gc            ] GC(2) Pause Young (Normal) (G1 Evacuation Pause) 50M->9M(1024M) 14.957ms
[2023-08-12T08:59:30.164+0100][gc,cpu        ] GC(2) User=0.06s Sys=0.02s Real=0.02s
[2023-08-12T08:59:31.669+0100][gc,start      ] GC(3) Pause Young (Concurrent Start) (Metadata GC Threshold)
[2023-08-12T08:59:31.671+0100][gc,task       ] GC(3) Using 10 workers of 10 for evacuation
[2023-08-12T08:59:31.693+0100][gc,mmu        ] GC(3) MMU target violated: 20.6ms (20.0ms/21.0ms)
[2023-08-12T08:59:31.695+0100][gc,phases     ] GC(3)   Pre Evacuate Collection Set: 0.3ms
[2023-08-12T08:59:31.696+0100][gc,phases     ] GC(3)   Evacuate Collection Set: 18.1ms
[2023-08-12T08:59:31.697+0100][gc,phases     ] GC(3)   Post Evacuate Collection Set: 1.7ms
[2023-08-12T08:59:31.699+0100][gc,phases     ] GC(3)   Other: 5.5ms
[2023-08-12T08:59:31.699+0100][gc,heap       ] GC(3) Eden regions: 29->0(47)
[2023-08-12T08:59:31.700+0100][gc,heap       ] GC(3) Survivor regions: 3->4(7)
[2023-08-12T08:59:31.703+0100][gc,heap       ] GC(3) Old regions: 7->7
[2023-08-12T08:59:31.704+0100][gc,heap       ] GC(3) Humongous regions: 0->0
[2023-08-12T08:59:31.705+0100][gc,metaspace  ] GC(3) Metaspace: 34805K(35964K)->34805K(35964K) NonClass: 31049K(31692K)->31049K(31692K) Class: 3756K(4272K)->3756K(4272K)
[2023-08-12T08:59:31.706+0100][gc            ] GC(3) Pause Young (Concurrent Start) (Metadata GC Threshold) 37M->10M(1024M) 36.888ms
[2023-08-12T08:59:31.707+0100][gc,cpu        ] GC(3) User=0.07s Sys=0.00s Real=0.03s
[2023-08-12T08:59:31.709+0100][gc            ] GC(4) Concurrent Cycle
[2023-08-12T08:59:31.712+0100][gc,marking    ] GC(4) Concurrent Clear Claimed Marks
[2023-08-12T08:59:31.713+0100][gc,marking    ] GC(4) Concurrent Clear Claimed Marks 1.370ms
[2023-08-12T08:59:31.719+0100][gc,marking    ] GC(4) Concurrent Scan Root Regions
[2023-08-12T08:59:31.722+0100][gc,marking    ] GC(4) Concurrent Scan Root Regions 3.612ms
[2023-08-12T08:59:31.724+0100][gc,marking    ] GC(4) Concurrent Mark (8.760s)
[2023-08-12T08:59:31.725+0100][gc,marking    ] GC(4) Concurrent Mark From Roots
[2023-08-12T08:59:31.727+0100][gc,task       ] GC(4) Using 3 workers of 3 for marking
[2023-08-12T08:59:31.740+0100][gc,marking    ] GC(4) Concurrent Mark From Roots 14.067ms
[2023-08-12T08:59:31.741+0100][gc,marking    ] GC(4) Concurrent Preclean
[2023-08-12T08:59:31.744+0100][gc,marking    ] GC(4) Concurrent Preclean 2.783ms
[2023-08-12T08:59:31.745+0100][gc,marking    ] GC(4) Concurrent Mark (8.760s, 8.782s) 21.560ms
[2023-08-12T08:59:31.747+0100][gc,start      ] GC(4) Pause Remark
[2023-08-12T08:59:31.751+0100][gc,stringtable] GC(4) Cleaned string and symbol table, strings: 11493 processed, 11 removed, symbols: 98646 processed, 23 removed
[2023-08-12T08:59:31.753+0100][gc            ] GC(4) Pause Remark 11M->11M(1024M) 6.252ms
[2023-08-12T08:59:31.755+0100][gc,cpu        ] GC(4) User=0.03s Sys=0.00s Real=0.01s
[2023-08-12T08:59:31.756+0100][gc,marking    ] GC(4) Concurrent Rebuild Remembered Sets
[2023-08-12T08:59:31.762+0100][gc,marking    ] GC(4) Concurrent Rebuild Remembered Sets 5.746ms
[2023-08-12T08:59:31.767+0100][gc,start      ] GC(4) Pause Cleanup
[2023-08-12T08:59:31.769+0100][gc            ] GC(4) Pause Cleanup 11M->11M(1024M) 1.991ms
[2023-08-12T08:59:31.771+0100][gc,cpu        ] GC(4) User=0.01s Sys=0.00s Real=0.01s
[2023-08-12T08:59:31.773+0100][gc,marking    ] GC(4) Concurrent Cleanup for Next Mark
[2023-08-12T08:59:31.794+0100][gc,marking    ] GC(4) Concurrent Cleanup for Next Mark 21.301ms
[2023-08-12T08:59:31.795+0100][gc            ] GC(4) Concurrent Cycle 85.724ms
[2023-08-12T08:59:33.611+0100][gc,start      ] GC(5) Pause Young (Normal) (G1 Evacuation Pause)
[2023-08-12T08:59:33.612+0100][gc,task       ] GC(5) Using 10 workers of 10 for evacuation
[2023-08-12T08:59:33.627+0100][gc,phases     ] GC(5)   Pre Evacuate Collection Set: 0.1ms
[2023-08-12T08:59:33.628+0100][gc,phases     ] GC(5)   Evacuate Collection Set: 11.5ms
[2023-08-12T08:59:33.629+0100][gc,phases     ] GC(5)   Post Evacuate Collection Set: 1.6ms
[2023-08-12T08:59:33.629+0100][gc,phases     ] GC(5)   Other: 2.4ms
[2023-08-12T08:59:33.630+0100][gc,heap       ] GC(5) Eden regions: 47->0(44)
[2023-08-12T08:59:33.631+0100][gc,heap       ] GC(5) Survivor regions: 4->7(7)
[2023-08-12T08:59:33.632+0100][gc,heap       ] GC(5) Old regions: 7->7
[2023-08-12T08:59:33.633+0100][gc,heap       ] GC(5) Humongous regions: 9->9
[2023-08-12T08:59:33.634+0100][gc,metaspace  ] GC(5) Metaspace: 41940K(43388K)->41940K(43388K) NonClass: 37467K(38348K)->37467K(38348K) Class: 4472K(5040K)->4472K(5040K)
[2023-08-12T08:59:33.635+0100][gc            ] GC(5) Pause Young (Normal) (G1 Evacuation Pause) 66M->22M(1024M) 24.154ms
[2023-08-12T08:59:33.636+0100][gc,cpu        ] GC(5) User=0.10s Sys=0.02s Real=0.02s
[2023-08-12T09:08:59.939+0100][gc,start      ] GC(6) Pause Young (Normal) (G1 Evacuation Pause)
[2023-08-12T09:08:59.941+0100][gc,task       ] GC(6) Using 10 workers of 10 for evacuation
[2023-08-12T09:08:59.982+0100][gc,mmu        ] GC(6) MMU target violated: 21.0ms (20.0ms/21.0ms)
[2023-08-12T09:08:59.985+0100][gc,phases     ] GC(6)   Pre Evacuate Collection Set: 4.9ms
[2023-08-12T09:08:59.987+0100][gc,phases     ] GC(6)   Evacuate Collection Set: 28.9ms
[2023-08-12T09:08:59.989+0100][gc,phases     ] GC(6)   Post Evacuate Collection Set: 3.9ms
[2023-08-12T09:08:59.990+0100][gc,phases     ] GC(6)   Other: 8.5ms
[2023-08-12T09:08:59.992+0100][gc,heap       ] GC(6) Eden regions: 44->0(45)
[2023-08-12T09:08:59.994+0100][gc,heap       ] GC(6) Survivor regions: 7->6(7)
[2023-08-12T09:08:59.996+0100][gc,heap       ] GC(6) Old regions: 7->10
[2023-08-12T09:08:59.997+0100][gc,heap       ] GC(6) Humongous regions: 138->138
[2023-08-12T09:08:59.999+0100][gc,metaspace  ] GC(6) Metaspace: 45511K(47356K)->45511K(47356K) NonClass: 40636K(41676K)->40636K(41676K) Class: 4875K(5680K)->4875K(5680K)
[2023-08-12T09:09:00.001+0100][gc            ] GC(6) Pause Young (Normal) (G1 Evacuation Pause) 195M->152M(1024M) 62.189ms
[2023-08-12T09:09:00.003+0100][gc,cpu        ] GC(6) User=0.27s Sys=0.03s Real=0.06s
[2023-08-12T13:54:50.411+0100][gc,start      ] GC(7) Pause Young (Normal) (G1 Evacuation Pause)
[2023-08-12T13:54:50.413+0100][gc,task       ] GC(7) Using 10 workers of 10 for evacuation
[2023-08-12T13:54:50.431+0100][gc,phases     ] GC(7)   Pre Evacuate Collection Set: 4.1ms
[2023-08-12T13:54:50.432+0100][gc,phases     ] GC(7)   Evacuate Collection Set: 11.0ms
[2023-08-12T13:54:50.432+0100][gc,phases     ] GC(7)   Post Evacuate Collection Set: 1.5ms
[2023-08-12T13:54:50.433+0100][gc,phases     ] GC(7)   Other: 3.0ms
[2023-08-12T13:54:50.434+0100][gc,heap       ] GC(7) Eden regions: 45->0(48)
[2023-08-12T13:54:50.434+0100][gc,heap       ] GC(7) Survivor regions: 6->3(7)
[2023-08-12T13:54:50.435+0100][gc,heap       ] GC(7) Old regions: 10->14
[2023-08-12T13:54:50.436+0100][gc,heap       ] GC(7) Humongous regions: 138->138
[2023-08-12T13:54:50.436+0100][gc,metaspace  ] GC(7) Metaspace: 45801K(47612K)->45801K(47612K) NonClass: 40925K(41932K)->40925K(41932K) Class: 4876K(5680K)->4876K(5680K)
[2023-08-12T13:54:50.437+0100][gc            ] GC(7) Pause Young (Normal) (G1 Evacuation Pause) 197M->153M(1024M) 25.845ms
[2023-08-12T13:54:50.438+0100][gc,cpu        ] GC(7) User=0.09s Sys=0.04s Real=0.03s
[2023-08-12T14:12:20.183+0100][gc,start      ] GC(8) Pause Young (Normal) (G1 Evacuation Pause)
[2023-08-12T14:12:20.184+0100][gc,task       ] GC(8) Using 10 workers of 10 for evacuation
[2023-08-12T14:12:20.199+0100][gc,phases     ] GC(8)   Pre Evacuate Collection Set: 0.7ms
[2023-08-12T14:12:20.200+0100][gc,phases     ] GC(8)   Evacuate Collection Set: 10.0ms
[2023-08-12T14:12:20.200+0100][gc,phases     ] GC(8)   Post Evacuate Collection Set: 2.2ms
[2023-08-12T14:12:20.203+0100][gc,phases     ] GC(8)   Other: 3.9ms
[2023-08-12T14:12:20.203+0100][gc,heap       ] GC(8) Eden regions: 48->0(48)
[2023-08-12T14:12:20.204+0100][gc,heap       ] GC(8) Survivor regions: 3->3(7)
[2023-08-12T14:12:20.204+0100][gc,heap       ] GC(8) Old regions: 14->14
[2023-08-12T14:12:20.205+0100][gc,heap       ] GC(8) Humongous regions: 138->138
[2023-08-12T14:12:20.206+0100][gc,metaspace  ] GC(8) Metaspace: 45910K(47612K)->45910K(47612K) NonClass: 41034K(41932K)->41034K(41932K) Class: 4876K(5680K)->4876K(5680K)
[2023-08-12T14:12:20.206+0100][gc            ] GC(8) Pause Young (Normal) (G1 Evacuation Pause) 201M->153M(1024M) 23.912ms
[2023-08-12T14:12:20.207+0100][gc,cpu        ] GC(8) User=0.11s Sys=0.00s Real=0.02s
[2023-08-12T14:29:55.942+0100][gc,start      ] GC(9) Pause Young (Normal) (G1 Evacuation Pause)
[2023-08-12T14:29:55.943+0100][gc,task       ] GC(9) Using 10 workers of 10 for evacuation
[2023-08-12T14:29:55.952+0100][gc,phases     ] GC(9)   Pre Evacuate Collection Set: 0.2ms
[2023-08-12T14:29:55.952+0100][gc,phases     ] GC(9)   Evacuate Collection Set: 6.5ms
[2023-08-12T14:29:55.955+0100][gc,phases     ] GC(9)   Post Evacuate Collection Set: 1.6ms
[2023-08-12T14:29:55.958+0100][gc,phases     ] GC(9)   Other: 2.0ms
[2023-08-12T14:29:55.958+0100][gc,heap       ] GC(9) Eden regions: 48->0(49)
[2023-08-12T14:29:55.961+0100][gc,heap       ] GC(9) Survivor regions: 3->3(7)
[2023-08-12T14:29:55.962+0100][gc,heap       ] GC(9) Old regions: 14->14
[2023-08-12T14:29:55.962+0100][gc,heap       ] GC(9) Humongous regions: 147->147
[2023-08-12T14:29:55.963+0100][gc,metaspace  ] GC(9) Metaspace: 46099K(47868K)->46099K(47868K) NonClass: 41195K(42188K)->41195K(42188K) Class: 4903K(5680K)->4903K(5680K)
[2023-08-12T14:29:55.964+0100][gc            ] GC(9) Pause Young (Normal) (G1 Evacuation Pause) 210M->162M(1024M) 21.899ms
[2023-08-12T14:29:55.964+0100][gc,cpu        ] GC(9) User=0.02s Sys=0.04s Real=0.03s
[2023-08-12T14:49:28.841+0100][gc,start      ] GC(10) Pause Young (Normal) (G1 Evacuation Pause)
[2023-08-12T14:49:28.854+0100][gc,task       ] GC(10) Using 10 workers of 10 for evacuation
[2023-08-12T14:49:28.911+0100][gc,mmu        ] GC(10) MMU target violated: 21.0ms (20.0ms/21.0ms)
[2023-08-12T14:49:28.915+0100][gc,phases     ] GC(10)   Pre Evacuate Collection Set: 0.9ms
[2023-08-12T14:49:28.918+0100][gc,phases     ] GC(10)   Evacuate Collection Set: 38.3ms
[2023-08-12T14:49:28.922+0100][gc,phases     ] GC(10)   Post Evacuate Collection Set: 7.9ms
[2023-08-12T14:49:28.923+0100][gc,phases     ] GC(10)   Other: 26.4ms
[2023-08-12T14:49:28.924+0100][gc,heap       ] GC(10) Eden regions: 49->0(48)
[2023-08-12T14:49:28.925+0100][gc,heap       ] GC(10) Survivor regions: 3->3(7)
[2023-08-12T14:49:28.925+0100][gc,heap       ] GC(10) Old regions: 14->14
[2023-08-12T14:49:28.926+0100][gc,heap       ] GC(10) Humongous regions: 147->147
[2023-08-12T14:49:28.927+0100][gc,metaspace  ] GC(10) Metaspace: 46146K(47868K)->46146K(47868K) NonClass: 41243K(42188K)->41243K(42188K) Class: 4903K(5680K)->4903K(5680K)
[2023-08-12T14:49:28.928+0100][gc            ] GC(10) Pause Young (Normal) (G1 Evacuation Pause) 211M->162M(1024M) 86.213ms
[2023-08-12T14:49:28.928+0100][gc,cpu        ] GC(10) User=0.42s Sys=0.02s Real=0.09s
