[2023-08-14T16:39:44.519+0100][gc,heap] Heap region size: 1M
[2023-08-14T16:39:44.529+0100][gc     ] Using G1
[2023-08-14T16:39:44.529+0100][gc,heap,coops] Heap address: 0x00000000c0000000, size: 1024 MB, Compressed Oops mode: 32-bit
[2023-08-14T16:39:49.426+0100][gc,start     ] GC(0) Pause Young (Concurrent Start) (Metadata GC Threshold)
[2023-08-14T16:39:49.429+0100][gc,task      ] GC(0) Using 10 workers of 10 for evacuation
[2023-08-14T16:39:49.445+0100][gc,phases    ] GC(0)   Pre Evacuate Collection Set: 0.1ms
[2023-08-14T16:39:49.446+0100][gc,phases    ] GC(0)   Evacuate Collection Set: 14.1ms
[2023-08-14T16:39:49.447+0100][gc,phases    ] GC(0)   Post Evacuate Collection Set: 1.3ms
[2023-08-14T16:39:49.448+0100][gc,phases    ] GC(0)   Other: 4.1ms
[2023-08-14T16:39:49.448+0100][gc,heap      ] GC(0) Eden regions: 47->0(44)
[2023-08-14T16:39:49.449+0100][gc,heap      ] GC(0) Survivor regions: 0->7(7)
[2023-08-14T16:39:49.450+0100][gc,heap      ] GC(0) Old regions: 0->0
[2023-08-14T16:39:49.450+0100][gc,heap      ] GC(0) Humongous regions: 0->0
[2023-08-14T16:39:49.451+0100][gc,metaspace ] GC(0) Metaspace: 20866K(21296K)->20866K(21296K) NonClass: 18615K(18864K)->18615K(18864K) Class: 2251K(2432K)->2251K(2432K)
[2023-08-14T16:39:49.451+0100][gc           ] GC(0) Pause Young (Concurrent Start) (Metadata GC Threshold) 46M->6M(1024M) 25.632ms
[2023-08-14T16:39:49.452+0100][gc,cpu       ] GC(0) User=0.03s Sys=0.01s Real=0.03s
[2023-08-14T16:39:49.453+0100][gc           ] GC(1) Concurrent Cycle
[2023-08-14T16:39:49.456+0100][gc,marking   ] GC(1) Concurrent Clear Claimed Marks
[2023-08-14T16:39:49.460+0100][gc,marking   ] GC(1) Concurrent Clear Claimed Marks 4.354ms
[2023-08-14T16:39:49.464+0100][gc,marking   ] GC(1) Concurrent Scan Root Regions
[2023-08-14T16:39:49.467+0100][gc,marking   ] GC(1) Concurrent Scan Root Regions 3.523ms
[2023-08-14T16:39:49.468+0100][gc,marking   ] GC(1) Concurrent Mark (5.303s)
[2023-08-14T16:39:49.469+0100][gc,marking   ] GC(1) Concurrent Mark From Roots
[2023-08-14T16:39:49.469+0100][gc,task      ] GC(1) Using 3 workers of 3 for marking
[2023-08-14T16:39:49.470+0100][gc,marking   ] GC(1) Concurrent Mark From Roots 1.672ms
[2023-08-14T16:39:49.471+0100][gc,marking   ] GC(1) Concurrent Preclean
[2023-08-14T16:39:49.472+0100][gc,marking   ] GC(1) Concurrent Preclean 0.693ms
[2023-08-14T16:39:49.472+0100][gc,marking   ] GC(1) Concurrent Mark (5.303s, 5.307s) 4.293ms
[2023-08-14T16:39:49.473+0100][gc,start     ] GC(1) Pause Remark
[2023-08-14T16:39:49.477+0100][gc,stringtable] GC(1) Cleaned string and symbol table, strings: 7372 processed, 0 removed, symbols: 65331 processed, 29 removed
[2023-08-14T16:39:49.478+0100][gc            ] GC(1) Pause Remark 7M->7M(1024M) 4.539ms
[2023-08-14T16:39:49.478+0100][gc,cpu        ] GC(1) User=0.01s Sys=0.00s Real=0.00s
[2023-08-14T16:39:49.479+0100][gc,marking    ] GC(1) Concurrent Rebuild Remembered Sets
[2023-08-14T16:39:49.480+0100][gc,marking    ] GC(1) Concurrent Rebuild Remembered Sets 0.861ms
[2023-08-14T16:39:49.481+0100][gc,start      ] GC(1) Pause Cleanup
[2023-08-14T16:39:49.482+0100][gc            ] GC(1) Pause Cleanup 7M->7M(1024M) 1.036ms
[2023-08-14T16:39:49.483+0100][gc,cpu        ] GC(1) User=0.00s Sys=0.00s Real=0.00s
[2023-08-14T16:39:49.483+0100][gc,marking    ] GC(1) Concurrent Cleanup for Next Mark
[2023-08-14T16:39:49.496+0100][gc,marking    ] GC(1) Concurrent Cleanup for Next Mark 12.652ms
[2023-08-14T16:39:49.497+0100][gc            ] GC(1) Concurrent Cycle 43.363ms
[2023-08-14T16:39:51.534+0100][gc,start      ] GC(2) Pause Young (Normal) (G1 Evacuation Pause)
[2023-08-14T16:39:51.535+0100][gc,task       ] GC(2) Using 10 workers of 10 for evacuation
[2023-08-14T16:39:51.557+0100][gc,mmu        ] GC(2) MMU target violated: 21.0ms (20.0ms/21.0ms)
[2023-08-14T16:39:51.557+0100][gc,phases     ] GC(2)   Pre Evacuate Collection Set: 0.1ms
[2023-08-14T16:39:51.558+0100][gc,phases     ] GC(2)   Evacuate Collection Set: 20.1ms
[2023-08-14T16:39:51.558+0100][gc,phases     ] GC(2)   Post Evacuate Collection Set: 1.1ms
[2023-08-14T16:39:51.559+0100][gc,phases     ] GC(2)   Other: 2.1ms
[2023-08-14T16:39:51.560+0100][gc,heap       ] GC(2) Eden regions: 44->0(48)
[2023-08-14T16:39:51.560+0100][gc,heap       ] GC(2) Survivor regions: 7->3(7)
[2023-08-14T16:39:51.561+0100][gc,heap       ] GC(2) Old regions: 0->7
[2023-08-14T16:39:51.561+0100][gc,heap       ] GC(2) Humongous regions: 0->0
[2023-08-14T16:39:51.562+0100][gc,metaspace  ] GC(2) Metaspace: 28667K(29692K)->28667K(29692K) NonClass: 25597K(26288K)->25597K(26288K) Class: 3070K(3404K)->3070K(3404K)
[2023-08-14T16:39:51.562+0100][gc            ] GC(2) Pause Young (Normal) (G1 Evacuation Pause) 50M->9M(1024M) 28.448ms
[2023-08-14T16:39:51.563+0100][gc,cpu        ] GC(2) User=0.16s Sys=0.03s Real=0.03s
[2023-08-14T16:40:00.172+0100][gc,start      ] GC(3) Pause Young (Concurrent Start) (Metadata GC Threshold)
[2023-08-14T16:40:00.173+0100][gc,task       ] GC(3) Using 10 workers of 10 for evacuation
[2023-08-14T16:40:00.183+0100][gc,phases     ] GC(3)   Pre Evacuate Collection Set: 0.1ms
[2023-08-14T16:40:00.184+0100][gc,phases     ] GC(3)   Evacuate Collection Set: 7.8ms
[2023-08-14T16:40:00.185+0100][gc,phases     ] GC(3)   Post Evacuate Collection Set: 1.4ms
[2023-08-14T16:40:00.185+0100][gc,phases     ] GC(3)   Other: 1.8ms
[2023-08-14T16:40:00.186+0100][gc,heap       ] GC(3) Eden regions: 31->0(47)
[2023-08-14T16:40:00.186+0100][gc,heap       ] GC(3) Survivor regions: 3->4(7)
[2023-08-14T16:40:00.187+0100][gc,heap       ] GC(3) Old regions: 7->7
[2023-08-14T16:40:00.187+0100][gc,heap       ] GC(3) Humongous regions: 0->0
[2023-08-14T16:40:00.188+0100][gc,metaspace  ] GC(3) Metaspace: 35029K(36048K)->35029K(36048K) NonClass: 31250K(31876K)->31250K(31876K) Class: 3778K(4172K)->3778K(4172K)
[2023-08-14T16:40:00.188+0100][gc            ] GC(3) Pause Young (Concurrent Start) (Metadata GC Threshold) 39M->10M(1024M) 15.959ms
[2023-08-14T16:40:00.189+0100][gc,cpu        ] GC(3) User=0.02s Sys=0.00s Real=0.01s
[2023-08-14T16:40:00.189+0100][gc            ] GC(4) Concurrent Cycle
[2023-08-14T16:40:00.190+0100][gc,marking    ] GC(4) Concurrent Clear Claimed Marks
[2023-08-14T16:40:00.191+0100][gc,marking    ] GC(4) Concurrent Clear Claimed Marks 0.883ms
[2023-08-14T16:40:00.191+0100][gc,marking    ] GC(4) Concurrent Scan Root Regions
[2023-08-14T16:40:00.194+0100][gc,marking    ] GC(4) Concurrent Scan Root Regions 2.417ms
[2023-08-14T16:40:00.194+0100][gc,marking    ] GC(4) Concurrent Mark (16.030s)
[2023-08-14T16:40:00.195+0100][gc,marking    ] GC(4) Concurrent Mark From Roots
[2023-08-14T16:40:00.196+0100][gc,task       ] GC(4) Using 3 workers of 3 for marking
[2023-08-14T16:40:00.202+0100][gc,marking    ] GC(4) Concurrent Mark From Roots 7.034ms
[2023-08-14T16:40:00.203+0100][gc,marking    ] GC(4) Concurrent Preclean
[2023-08-14T16:40:00.203+0100][gc,marking    ] GC(4) Concurrent Preclean 0.719ms
[2023-08-14T16:40:00.204+0100][gc,marking    ] GC(4) Concurrent Mark (16.030s, 16.039s) 9.535ms
[2023-08-14T16:40:00.205+0100][gc,start      ] GC(4) Pause Remark
[2023-08-14T16:40:00.209+0100][gc,stringtable] GC(4) Cleaned string and symbol table, strings: 11637 processed, 11 removed, symbols: 98944 processed, 22 removed
[2023-08-14T16:40:00.210+0100][gc            ] GC(4) Pause Remark 11M->11M(1024M) 4.984ms
[2023-08-14T16:40:00.210+0100][gc,cpu        ] GC(4) User=0.02s Sys=0.01s Real=0.01s
[2023-08-14T16:40:00.211+0100][gc,marking    ] GC(4) Concurrent Rebuild Remembered Sets
[2023-08-14T16:40:00.215+0100][gc,marking    ] GC(4) Concurrent Rebuild Remembered Sets 3.919ms
[2023-08-14T16:40:00.216+0100][gc,start      ] GC(4) Pause Cleanup
[2023-08-14T16:40:00.217+0100][gc            ] GC(4) Pause Cleanup 11M->11M(1024M) 1.032ms
[2023-08-14T16:40:00.218+0100][gc,cpu        ] GC(4) User=0.00s Sys=0.00s Real=0.00s
[2023-08-14T16:40:00.218+0100][gc,marking    ] GC(4) Concurrent Cleanup for Next Mark
[2023-08-14T16:40:00.225+0100][gc,marking    ] GC(4) Concurrent Cleanup for Next Mark 6.346ms
[2023-08-14T16:40:00.225+0100][gc            ] GC(4) Concurrent Cycle 35.972ms
[2023-08-14T16:40:01.747+0100][gc,start      ] GC(5) Pause Young (Normal) (G1 Evacuation Pause)
[2023-08-14T16:40:01.748+0100][gc,task       ] GC(5) Using 10 workers of 10 for evacuation
[2023-08-14T16:40:01.772+0100][gc,mmu        ] GC(5) MMU target violated: 21.0ms (20.0ms/21.0ms)
[2023-08-14T16:40:01.773+0100][gc,phases     ] GC(5)   Pre Evacuate Collection Set: 0.2ms
[2023-08-14T16:40:01.774+0100][gc,phases     ] GC(5)   Evacuate Collection Set: 21.7ms
[2023-08-14T16:40:01.774+0100][gc,phases     ] GC(5)   Post Evacuate Collection Set: 1.1ms
[2023-08-14T16:40:01.775+0100][gc,phases     ] GC(5)   Other: 2.8ms
[2023-08-14T16:40:01.776+0100][gc,heap       ] GC(5) Eden regions: 47->0(45)
[2023-08-14T16:40:01.776+0100][gc,heap       ] GC(5) Survivor regions: 4->6(7)
[2023-08-14T16:40:01.777+0100][gc,heap       ] GC(5) Old regions: 7->7
[2023-08-14T16:40:01.778+0100][gc,heap       ] GC(5) Humongous regions: 9->9
[2023-08-14T16:40:01.779+0100][gc,metaspace  ] GC(5) Metaspace: 39904K(41040K)->39904K(41040K) NonClass: 35590K(36228K)->35590K(36228K) Class: 4314K(4812K)->4314K(4812K)
[2023-08-14T16:40:01.780+0100][gc            ] GC(5) Pause Young (Normal) (G1 Evacuation Pause) 66M->21M(1024M) 32.365ms
[2023-08-14T16:40:01.781+0100][gc,cpu        ] GC(5) User=0.17s Sys=0.07s Real=0.04s
[2023-08-14T16:46:17.781+0100][gc,start      ] GC(6) Pause Young (Normal) (G1 Evacuation Pause)
[2023-08-14T16:46:17.783+0100][gc,task       ] GC(6) Using 10 workers of 10 for evacuation
[2023-08-14T16:46:17.878+0100][gc,mmu        ] GC(6) MMU target violated: 21.0ms (20.0ms/21.0ms)
[2023-08-14T16:46:17.879+0100][gc,phases     ] GC(6)   Pre Evacuate Collection Set: 23.3ms
[2023-08-14T16:46:17.879+0100][gc,phases     ] GC(6)   Evacuate Collection Set: 62.0ms
[2023-08-14T16:46:17.880+0100][gc,phases     ] GC(6)   Post Evacuate Collection Set: 2.4ms
[2023-08-14T16:46:17.881+0100][gc,phases     ] GC(6)   Other: 12.5ms
[2023-08-14T16:46:17.881+0100][gc,heap       ] GC(6) Eden regions: 45->0(46)
[2023-08-14T16:46:17.882+0100][gc,heap       ] GC(6) Survivor regions: 6->5(7)
[2023-08-14T16:46:17.883+0100][gc,heap       ] GC(6) Old regions: 7->10
[2023-08-14T16:46:17.883+0100][gc,heap       ] GC(6) Humongous regions: 138->138
[2023-08-14T16:46:17.884+0100][gc,metaspace  ] GC(6) Metaspace: 45363K(46928K)->45363K(46928K) NonClass: 40487K(41348K)->40487K(41348K) Class: 4875K(5580K)->4875K(5580K)
[2023-08-14T16:46:17.885+0100][gc            ] GC(6) Pause Young (Normal) (G1 Evacuation Pause) 195M->152M(1024M) 104.187ms
[2023-08-14T16:46:17.886+0100][gc,cpu        ] GC(6) User=0.65s Sys=0.00s Real=0.11s
[2023-08-14T17:01:44.628+0100][gc,start      ] GC(7) Pause Young (Normal) (G1 Evacuation Pause)
[2023-08-14T17:01:44.629+0100][gc,task       ] GC(7) Using 10 workers of 10 for evacuation
[2023-08-14T17:01:44.652+0100][gc,mmu        ] GC(7) MMU target violated: 21.0ms (20.0ms/21.0ms)
[2023-08-14T17:01:44.653+0100][gc,phases     ] GC(7)   Pre Evacuate Collection Set: 4.7ms
[2023-08-14T17:01:44.654+0100][gc,phases     ] GC(7)   Evacuate Collection Set: 15.8ms
[2023-08-14T17:01:44.654+0100][gc,phases     ] GC(7)   Post Evacuate Collection Set: 1.2ms
[2023-08-14T17:01:44.655+0100][gc,phases     ] GC(7)   Other: 3.0ms
[2023-08-14T17:01:44.656+0100][gc,heap       ] GC(7) Eden regions: 46->0(48)
[2023-08-14T17:01:44.656+0100][gc,heap       ] GC(7) Survivor regions: 5->3(7)
[2023-08-14T17:01:44.657+0100][gc,heap       ] GC(7) Old regions: 10->13
[2023-08-14T17:01:44.658+0100][gc,heap       ] GC(7) Humongous regions: 138->138
[2023-08-14T17:01:44.658+0100][gc,metaspace  ] GC(7) Metaspace: 45783K(47440K)->45783K(47440K) NonClass: 40907K(41860K)->40907K(41860K) Class: 4875K(5580K)->4875K(5580K)
[2023-08-14T17:01:44.659+0100][gc            ] GC(7) Pause Young (Normal) (G1 Evacuation Pause) 198M->153M(1024M) 30.408ms
[2023-08-14T17:01:44.660+0100][gc,cpu        ] GC(7) User=0.11s Sys=0.06s Real=0.03s
[2023-08-14T17:18:56.154+0100][gc,start      ] GC(8) Pause Young (Normal) (G1 Evacuation Pause)
[2023-08-14T17:18:56.155+0100][gc,task       ] GC(8) Using 10 workers of 10 for evacuation
[2023-08-14T17:18:56.184+0100][gc,mmu        ] GC(8) MMU target violated: 21.0ms (20.0ms/21.0ms)
[2023-08-14T17:18:56.185+0100][gc,phases     ] GC(8)   Pre Evacuate Collection Set: 3.8ms
[2023-08-14T17:18:56.185+0100][gc,phases     ] GC(8)   Evacuate Collection Set: 15.8ms
[2023-08-14T17:18:56.186+0100][gc,phases     ] GC(8)   Post Evacuate Collection Set: 4.7ms
[2023-08-14T17:18:56.187+0100][gc,phases     ] GC(8)   Other: 7.3ms
[2023-08-14T17:18:56.188+0100][gc,heap       ] GC(8) Eden regions: 48->0(47)
[2023-08-14T17:18:56.188+0100][gc,heap       ] GC(8) Survivor regions: 3->4(7)
[2023-08-14T17:18:56.189+0100][gc,heap       ] GC(8) Old regions: 13->13
[2023-08-14T17:18:56.190+0100][gc,heap       ] GC(8) Humongous regions: 138->138
[2023-08-14T17:18:56.190+0100][gc,metaspace  ] GC(8) Metaspace: 45912K(47696K)->45912K(47696K) NonClass: 41032K(42116K)->41032K(42116K) Class: 4879K(5580K)->4879K(5580K)
[2023-08-14T17:18:56.191+0100][gc            ] GC(8) Pause Young (Normal) (G1 Evacuation Pause) 201M->153M(1024M) 37.210ms
[2023-08-14T17:18:56.192+0100][gc,cpu        ] GC(8) User=0.19s Sys=0.00s Real=0.04s
