[2023-08-16T13:06:40.692+0100][gc,heap] Heap region size: 1M
[2023-08-16T13:06:40.741+0100][gc     ] Using G1
[2023-08-16T13:06:40.742+0100][gc,heap,coops] Heap address: 0x00000000c0000000, size: 1024 MB, Compressed Oops mode: 32-bit
[2023-08-16T13:06:40.750+0100][gc,cds       ] Mark closed archive regions in map: [0x00000000fff00000, 0x00000000fff6bff8]
[2023-08-16T13:06:40.751+0100][gc,cds       ] Mark open archive regions in map: [0x00000000ffe00000, 0x00000000ffe47ff8]
[2023-08-16T13:06:51.305+0100][gc,start     ] GC(0) Pause Young (Normal) (G1 Evacuation Pause)
[2023-08-16T13:06:51.309+0100][gc,task      ] GC(0) Using 10 workers of 10 for evacuation
[2023-08-16T13:06:51.324+0100][gc,phases    ] GC(0)   Pre Evacuate Collection Set: 0.1ms
[2023-08-16T13:06:51.324+0100][gc,phases    ] GC(0)   Evacuate Collection Set: 13.2ms
[2023-08-16T13:06:51.325+0100][gc,phases    ] GC(0)   Post Evacuate Collection Set: 1.0ms
[2023-08-16T13:06:51.325+0100][gc,phases    ] GC(0)   Other: 4.6ms
[2023-08-16T13:06:51.326+0100][gc,heap      ] GC(0) Eden regions: 51->0(44)
[2023-08-16T13:06:51.326+0100][gc,heap      ] GC(0) Survivor regions: 0->7(7)
[2023-08-16T13:06:51.327+0100][gc,heap      ] GC(0) Old regions: 2->2
[2023-08-16T13:06:51.327+0100][gc,heap      ] GC(0) Humongous regions: 0->0
[2023-08-16T13:06:51.328+0100][gc,metaspace ] GC(0) Metaspace: 14248K(15104K)->14248K(15104K) NonClass: 12477K(13056K)->12477K(13056K) Class: 1771K(2048K)->1771K(2048K)
[2023-08-16T13:06:51.328+0100][gc           ] GC(0) Pause Young (Normal) (G1 Evacuation Pause) 51M->7M(1024M) 23.117ms
[2023-08-16T13:06:51.329+0100][gc,cpu       ] GC(0) User=0.12s Sys=0.02s Real=0.02s
[2023-08-16T13:06:52.558+0100][gc,start     ] GC(1) Pause Young (Concurrent Start) (Metadata GC Threshold)
[2023-08-16T13:06:52.558+0100][gc,task      ] GC(1) Using 10 workers of 10 for evacuation
[2023-08-16T13:06:52.568+0100][gc,phases    ] GC(1)   Pre Evacuate Collection Set: 0.1ms
[2023-08-16T13:06:52.569+0100][gc,phases    ] GC(1)   Evacuate Collection Set: 8.3ms
[2023-08-16T13:06:52.569+0100][gc,phases    ] GC(1)   Post Evacuate Collection Set: 0.9ms
[2023-08-16T13:06:52.570+0100][gc,phases    ] GC(1)   Other: 1.2ms
[2023-08-16T13:06:52.571+0100][gc,heap      ] GC(1) Eden regions: 32->0(49)
[2023-08-16T13:06:52.571+0100][gc,heap      ] GC(1) Survivor regions: 7->2(7)
[2023-08-16T13:06:52.572+0100][gc,heap      ] GC(1) Old regions: 2->9
[2023-08-16T13:06:52.572+0100][gc,heap      ] GC(1) Humongous regions: 0->0
[2023-08-16T13:06:52.573+0100][gc,metaspace ] GC(1) Metaspace: 20434K(21248K)->20434K(21248K) NonClass: 18185K(18688K)->18185K(18688K) Class: 2248K(2560K)->2248K(2560K)
[2023-08-16T13:06:52.573+0100][gc           ] GC(1) Pause Young (Concurrent Start) (Metadata GC Threshold) 39M->8M(1024M) 15.512ms
[2023-08-16T13:06:52.574+0100][gc,cpu       ] GC(1) User=0.00s Sys=0.05s Real=0.02s
[2023-08-16T13:06:52.574+0100][gc           ] GC(2) Concurrent Cycle
[2023-08-16T13:06:52.575+0100][gc,marking   ] GC(2) Concurrent Clear Claimed Marks
[2023-08-16T13:06:52.576+0100][gc,marking   ] GC(2) Concurrent Clear Claimed Marks 1.056ms
[2023-08-16T13:06:52.576+0100][gc,marking   ] GC(2) Concurrent Scan Root Regions
[2023-08-16T13:06:52.578+0100][gc,marking   ] GC(2) Concurrent Scan Root Regions 1.997ms
[2023-08-16T13:06:52.579+0100][gc,marking   ] GC(2) Concurrent Mark (12.166s)
[2023-08-16T13:06:52.580+0100][gc,marking   ] GC(2) Concurrent Mark From Roots
[2023-08-16T13:06:52.580+0100][gc,task      ] GC(2) Using 3 workers of 3 for marking
[2023-08-16T13:06:52.586+0100][gc,marking   ] GC(2) Concurrent Mark From Roots 6.221ms
[2023-08-16T13:06:52.586+0100][gc,marking   ] GC(2) Concurrent Preclean
[2023-08-16T13:06:52.588+0100][gc,marking   ] GC(2) Concurrent Preclean 1.165ms
[2023-08-16T13:06:52.588+0100][gc,marking   ] GC(2) Concurrent Mark (12.166s, 12.175s) 8.983ms
[2023-08-16T13:06:52.589+0100][gc,start     ] GC(2) Pause Remark
[2023-08-16T13:06:52.595+0100][gc,stringtable] GC(2) Cleaned string and symbol table, strings: 5727 processed, 0 removed, symbols: 46789 processed, 37 removed
[2023-08-16T13:06:52.596+0100][gc            ] GC(2) Pause Remark 9M->9M(1024M) 6.994ms
[2023-08-16T13:06:52.597+0100][gc,cpu        ] GC(2) User=0.02s Sys=0.01s Real=0.00s
[2023-08-16T13:06:52.597+0100][gc,marking    ] GC(2) Concurrent Rebuild Remembered Sets
[2023-08-16T13:06:52.601+0100][gc,marking    ] GC(2) Concurrent Rebuild Remembered Sets 3.280ms
[2023-08-16T13:06:52.602+0100][gc,start      ] GC(2) Pause Cleanup
[2023-08-16T13:06:52.603+0100][gc            ] GC(2) Pause Cleanup 9M->9M(1024M) 0.998ms
[2023-08-16T13:06:52.603+0100][gc,cpu        ] GC(2) User=0.00s Sys=0.00s Real=0.00s
[2023-08-16T13:06:52.604+0100][gc,marking    ] GC(2) Concurrent Cleanup for Next Mark
[2023-08-16T13:06:52.607+0100][gc,marking    ] GC(2) Concurrent Cleanup for Next Mark 3.422ms
[2023-08-16T13:06:52.608+0100][gc            ] GC(2) Concurrent Cycle 33.763ms
[2023-08-16T13:07:19.148+0100][gc,start      ] GC(3) Pause Young (Normal) (G1 Evacuation Pause)
[2023-08-16T13:07:19.149+0100][gc,task       ] GC(3) Using 10 workers of 10 for evacuation
[2023-08-16T13:07:19.170+0100][gc,phases     ] GC(3)   Pre Evacuate Collection Set: 0.1ms
[2023-08-16T13:07:19.170+0100][gc,phases     ] GC(3)   Evacuate Collection Set: 18.4ms
[2023-08-16T13:07:19.171+0100][gc,phases     ] GC(3)   Post Evacuate Collection Set: 1.0ms
[2023-08-16T13:07:19.171+0100][gc,phases     ] GC(3)   Other: 1.8ms
[2023-08-16T13:07:19.172+0100][gc,heap       ] GC(3) Eden regions: 49->0(47)
[2023-08-16T13:07:19.173+0100][gc,heap       ] GC(3) Survivor regions: 2->4(7)
[2023-08-16T13:07:19.173+0100][gc,heap       ] GC(3) Old regions: 9->9
[2023-08-16T13:07:19.174+0100][gc,heap       ] GC(3) Humongous regions: 9->9
[2023-08-16T13:07:19.174+0100][gc,metaspace  ] GC(3) Metaspace: 28665K(29824K)->28665K(29824K) NonClass: 25381K(26112K)->25381K(26112K) Class: 3284K(3712K)->3284K(3712K)
[2023-08-16T13:07:19.175+0100][gc            ] GC(3) Pause Young (Normal) (G1 Evacuation Pause) 66M->19M(1024M) 26.381ms
[2023-08-16T13:07:19.175+0100][gc,cpu        ] GC(3) User=0.14s Sys=0.04s Real=0.03s
[2023-08-16T13:07:19.662+0100][gc,start      ] GC(4) Pause Young (Normal) (G1 Evacuation Pause)
[2023-08-16T13:07:19.663+0100][gc,task       ] GC(4) Using 10 workers of 10 for evacuation
[2023-08-16T13:07:19.673+0100][gc,phases     ] GC(4)   Pre Evacuate Collection Set: 0.1ms
[2023-08-16T13:07:19.674+0100][gc,phases     ] GC(4)   Evacuate Collection Set: 7.9ms
[2023-08-16T13:07:19.675+0100][gc,phases     ] GC(4)   Post Evacuate Collection Set: 1.1ms
[2023-08-16T13:07:19.676+0100][gc,phases     ] GC(4)   Other: 1.4ms
[2023-08-16T13:07:19.677+0100][gc,heap       ] GC(4) Eden regions: 47->0(47)
[2023-08-16T13:07:19.677+0100][gc,heap       ] GC(4) Survivor regions: 4->4(7)
[2023-08-16T13:07:19.678+0100][gc,heap       ] GC(4) Old regions: 9->9
[2023-08-16T13:07:19.678+0100][gc,heap       ] GC(4) Humongous regions: 13->13
[2023-08-16T13:07:19.679+0100][gc,metaspace  ] GC(4) Metaspace: 30561K(31872K)->30561K(31872K) NonClass: 27088K(27904K)->27088K(27904K) Class: 3473K(3968K)->3473K(3968K)
[2023-08-16T13:07:19.679+0100][gc            ] GC(4) Pause Young (Normal) (G1 Evacuation Pause) 70M->24M(1024M) 17.219ms
[2023-08-16T13:07:19.681+0100][gc,cpu        ] GC(4) User=0.11s Sys=0.00s Real=0.02s
[2023-08-16T13:07:20.614+0100][gc,start      ] GC(5) Pause Young (Normal) (G1 Evacuation Pause)
[2023-08-16T13:07:20.619+0100][gc,task       ] GC(5) Using 10 workers of 10 for evacuation
[2023-08-16T13:07:20.638+0100][gc,phases     ] GC(5)   Pre Evacuate Collection Set: 0.1ms
[2023-08-16T13:07:20.638+0100][gc,phases     ] GC(5)   Evacuate Collection Set: 15.8ms
[2023-08-16T13:07:20.639+0100][gc,phases     ] GC(5)   Post Evacuate Collection Set: 1.0ms
[2023-08-16T13:07:20.639+0100][gc,phases     ] GC(5)   Other: 6.4ms
[2023-08-16T13:07:20.640+0100][gc,heap       ] GC(5) Eden regions: 47->0(45)
[2023-08-16T13:07:20.640+0100][gc,heap       ] GC(5) Survivor regions: 4->6(7)
[2023-08-16T13:07:20.641+0100][gc,heap       ] GC(5) Old regions: 9->10
[2023-08-16T13:07:20.641+0100][gc,heap       ] GC(5) Humongous regions: 13->9
[2023-08-16T13:07:20.641+0100][gc,metaspace  ] GC(5) Metaspace: 34259K(35584K)->34259K(35584K) NonClass: 30458K(31232K)->30458K(31232K) Class: 3801K(4352K)->3801K(4352K)
[2023-08-16T13:07:20.642+0100][gc            ] GC(5) Pause Young (Normal) (G1 Evacuation Pause) 71M->22M(1024M) 27.672ms
[2023-08-16T13:07:20.642+0100][gc,cpu        ] GC(5) User=0.16s Sys=0.04s Real=0.03s
[2023-08-16T13:07:20.662+0100][gc,start      ] GC(6) Pause Young (Concurrent Start) (Metadata GC Threshold)
[2023-08-16T13:07:20.663+0100][gc,task       ] GC(6) Using 10 workers of 10 for evacuation
[2023-08-16T13:07:20.672+0100][gc,phases     ] GC(6)   Pre Evacuate Collection Set: 0.2ms
[2023-08-16T13:07:20.672+0100][gc,phases     ] GC(6)   Evacuate Collection Set: 7.3ms
[2023-08-16T13:07:20.673+0100][gc,phases     ] GC(6)   Post Evacuate Collection Set: 0.9ms
[2023-08-16T13:07:20.673+0100][gc,phases     ] GC(6)   Other: 1.2ms
[2023-08-16T13:07:20.674+0100][gc,heap       ] GC(6) Eden regions: 2->0(47)
[2023-08-16T13:07:20.674+0100][gc,heap       ] GC(6) Survivor regions: 6->4(7)
[2023-08-16T13:07:20.675+0100][gc,heap       ] GC(6) Old regions: 10->12
[2023-08-16T13:07:20.675+0100][gc,heap       ] GC(6) Humongous regions: 9->9
[2023-08-16T13:07:20.676+0100][gc,metaspace  ] GC(6) Metaspace: 34396K(35840K)->34396K(35840K) NonClass: 30580K(31488K)->30580K(31488K) Class: 3816K(4352K)->3816K(4352K)
[2023-08-16T13:07:20.676+0100][gc            ] GC(6) Pause Young (Concurrent Start) (Metadata GC Threshold) 24M->22M(1024M) 14.203ms
[2023-08-16T13:07:20.677+0100][gc,cpu        ] GC(6) User=0.05s Sys=0.00s Real=0.01s
[2023-08-16T13:07:20.678+0100][gc            ] GC(7) Concurrent Cycle
[2023-08-16T13:07:20.678+0100][gc,marking    ] GC(7) Concurrent Clear Claimed Marks
[2023-08-16T13:07:20.680+0100][gc,marking    ] GC(7) Concurrent Clear Claimed Marks 1.246ms
[2023-08-16T13:07:20.680+0100][gc,marking    ] GC(7) Concurrent Scan Root Regions
[2023-08-16T13:07:20.683+0100][gc,marking    ] GC(7) Concurrent Scan Root Regions 2.489ms
[2023-08-16T13:07:20.684+0100][gc,marking    ] GC(7) Concurrent Mark (40.271s)
[2023-08-16T13:07:20.684+0100][gc,marking    ] GC(7) Concurrent Mark From Roots
[2023-08-16T13:07:20.685+0100][gc,task       ] GC(7) Using 3 workers of 3 for marking
[2023-08-16T13:07:20.711+0100][gc,marking    ] GC(7) Concurrent Mark From Roots 26.508ms
[2023-08-16T13:07:20.712+0100][gc,marking    ] GC(7) Concurrent Preclean
[2023-08-16T13:07:20.714+0100][gc,marking    ] GC(7) Concurrent Preclean 1.502ms
[2023-08-16T13:07:20.715+0100][gc,marking    ] GC(7) Concurrent Mark (40.271s, 40.302s) 31.618ms
[2023-08-16T13:07:20.717+0100][gc,start      ] GC(7) Pause Remark
[2023-08-16T13:07:20.723+0100][gc,stringtable] GC(7) Cleaned string and symbol table, strings: 9204 processed, 16 removed, symbols: 84696 processed, 26 removed
[2023-08-16T13:07:20.725+0100][gc            ] GC(7) Pause Remark 23M->23M(1024M) 7.744ms
[2023-08-16T13:07:20.725+0100][gc,cpu        ] GC(7) User=0.08s Sys=0.00s Real=0.01s
[2023-08-16T13:07:20.727+0100][gc,marking    ] GC(7) Concurrent Rebuild Remembered Sets
[2023-08-16T13:07:20.733+0100][gc,marking    ] GC(7) Concurrent Rebuild Remembered Sets 6.682ms
[2023-08-16T13:07:20.734+0100][gc,start      ] GC(7) Pause Cleanup
[2023-08-16T13:07:20.735+0100][gc            ] GC(7) Pause Cleanup 23M->23M(1024M) 1.047ms
[2023-08-16T13:07:20.736+0100][gc,cpu        ] GC(7) User=0.01s Sys=0.00s Real=0.00s
[2023-08-16T13:07:20.737+0100][gc,marking    ] GC(7) Concurrent Cleanup for Next Mark
[2023-08-16T13:07:20.749+0100][gc,marking    ] GC(7) Concurrent Cleanup for Next Mark 12.013ms
[2023-08-16T13:07:20.750+0100][gc            ] GC(7) Concurrent Cycle 72.482ms
[2023-08-16T13:15:18.555+0100][gc,start      ] GC(8) Pause Young (Normal) (G1 Evacuation Pause)
[2023-08-16T13:15:18.557+0100][gc,task       ] GC(8) Using 10 workers of 10 for evacuation
[2023-08-16T13:15:18.659+0100][gc,mmu        ] GC(8) MMU target violated: 21.0ms (20.0ms/21.0ms)
[2023-08-16T13:15:18.660+0100][gc,phases     ] GC(8)   Pre Evacuate Collection Set: 16.9ms
[2023-08-16T13:15:18.661+0100][gc,phases     ] GC(8)   Evacuate Collection Set: 75.8ms
[2023-08-16T13:15:18.661+0100][gc,phases     ] GC(8)   Post Evacuate Collection Set: 6.7ms
[2023-08-16T13:15:18.662+0100][gc,phases     ] GC(8)   Other: 6.1ms
[2023-08-16T13:15:18.663+0100][gc,heap       ] GC(8) Eden regions: 47->0(45)
[2023-08-16T13:15:18.664+0100][gc,heap       ] GC(8) Survivor regions: 4->6(7)
[2023-08-16T13:15:18.664+0100][gc,heap       ] GC(8) Old regions: 12->12
[2023-08-16T13:15:18.665+0100][gc,heap       ] GC(8) Humongous regions: 138->138
[2023-08-16T13:15:18.666+0100][gc,metaspace  ] GC(8) Metaspace: 38704K(40704K)->38704K(40704K) NonClass: 34242K(35328K)->34242K(35328K) Class: 4462K(5376K)->4462K(5376K)
[2023-08-16T13:15:18.666+0100][gc            ] GC(8) Pause Young (Normal) (G1 Evacuation Pause) 198M->153M(1024M) 111.425ms
[2023-08-16T13:15:18.667+0100][gc,cpu        ] GC(8) User=0.69s Sys=0.04s Real=0.12s
[2023-08-16T13:31:34.424+0100][gc,start      ] GC(9) Pause Young (Normal) (G1 Evacuation Pause)
[2023-08-16T13:31:34.425+0100][gc,task       ] GC(9) Using 10 workers of 10 for evacuation
[2023-08-16T13:31:34.495+0100][gc,mmu        ] GC(9) MMU target violated: 21.0ms (20.0ms/21.0ms)
[2023-08-16T13:31:34.497+0100][gc,phases     ] GC(9)   Pre Evacuate Collection Set: 16.1ms
[2023-08-16T13:31:34.499+0100][gc,phases     ] GC(9)   Evacuate Collection Set: 48.5ms
[2023-08-16T13:31:34.500+0100][gc,phases     ] GC(9)   Post Evacuate Collection Set: 3.7ms
[2023-08-16T13:31:34.502+0100][gc,phases     ] GC(9)   Other: 5.6ms
[2023-08-16T13:31:34.503+0100][gc,heap       ] GC(9) Eden regions: 45->0(48)
[2023-08-16T13:31:34.504+0100][gc,heap       ] GC(9) Survivor regions: 6->3(7)
[2023-08-16T13:31:34.504+0100][gc,heap       ] GC(9) Old regions: 12->15
[2023-08-16T13:31:34.505+0100][gc,heap       ] GC(9) Humongous regions: 138->138
[2023-08-16T13:31:34.506+0100][gc,metaspace  ] GC(9) Metaspace: 39230K(41216K)->39230K(41216K) NonClass: 34764K(35840K)->34764K(35840K) Class: 4466K(5376K)->4466K(5376K)
[2023-08-16T13:31:34.507+0100][gc            ] GC(9) Pause Young (Normal) (G1 Evacuation Pause) 198M->153M(1024M) 82.638ms
[2023-08-16T13:31:34.507+0100][gc,cpu        ] GC(9) User=0.50s Sys=0.00s Real=0.09s
[2023-08-16T13:45:27.111+0100][gc,start      ] GC(10) Pause Young (Normal) (G1 Evacuation Pause)
[2023-08-16T13:45:27.112+0100][gc,task       ] GC(10) Using 10 workers of 10 for evacuation
[2023-08-16T13:45:27.146+0100][gc,mmu        ] GC(10) MMU target violated: 21.0ms (20.0ms/21.0ms)
[2023-08-16T13:45:27.147+0100][gc,phases     ] GC(10)   Pre Evacuate Collection Set: 1.2ms
[2023-08-16T13:45:27.147+0100][gc,phases     ] GC(10)   Evacuate Collection Set: 15.7ms
[2023-08-16T13:45:27.148+0100][gc,phases     ] GC(10)   Post Evacuate Collection Set: 16.7ms
[2023-08-16T13:45:27.148+0100][gc,phases     ] GC(10)   Other: 1.9ms
[2023-08-16T13:45:27.149+0100][gc,heap       ] GC(10) Eden regions: 48->0(49)
[2023-08-16T13:45:27.149+0100][gc,heap       ] GC(10) Survivor regions: 3->2(7)
[2023-08-16T13:45:27.150+0100][gc,heap       ] GC(10) Old regions: 15->15
[2023-08-16T13:45:27.150+0100][gc,heap       ] GC(10) Humongous regions: 138->9
[2023-08-16T13:45:27.151+0100][gc,metaspace  ] GC(10) Metaspace: 39859K(41856K)->39859K(41856K) NonClass: 35246K(36352K)->35246K(36352K) Class: 4613K(5504K)->4613K(5504K)
[2023-08-16T13:45:27.151+0100][gc            ] GC(10) Pause Young (Normal) (G1 Evacuation Pause) 201M->24M(1024M) 39.750ms
[2023-08-16T13:45:27.152+0100][gc,cpu        ] GC(10) User=0.21s Sys=0.01s Real=0.04s
[2023-08-16T13:45:27.547+0100][gc,heap,exit  ] Heap
[2023-08-16T13:45:27.548+0100][gc,heap,exit  ]  garbage-first heap   total 1048576K, used 31087K [0x00000000c0000000, 0x0000000100000000)
[2023-08-16T13:45:27.548+0100][gc,heap,exit  ]   region size 1024K, 9 young (9216K), 2 survivors (2048K)
[2023-08-16T13:45:27.549+0100][gc,heap,exit  ]  Metaspace       used 40141K, capacity 42099K, committed 42240K, reserved 1085440K
[2023-08-16T13:45:27.549+0100][gc,heap,exit  ]   class space    used 4695K, capacity 5579K, committed 5632K, reserved 1048576K
