[2023-08-12T19:50:12.128+0100][gc,heap] Heap region size: 1M
[2023-08-12T19:50:12.134+0100][gc     ] Using G1
[2023-08-12T19:50:12.135+0100][gc,heap,coops] Heap address: 0x00000000c0000000, size: 1024 MB, Compressed Oops mode: 32-bit
[2023-08-12T19:50:13.758+0100][gc,start     ] GC(0) Pause Young (Concurrent Start) (Metadata GC Threshold)
[2023-08-12T19:50:13.760+0100][gc,task      ] GC(0) Using 10 workers of 10 for evacuation
[2023-08-12T19:50:13.773+0100][gc,phases    ] GC(0)   Pre Evacuate Collection Set: 0.0ms
[2023-08-12T19:50:13.774+0100][gc,phases    ] GC(0)   Evacuate Collection Set: 11.3ms
[2023-08-12T19:50:13.782+0100][gc,phases    ] GC(0)   Post Evacuate Collection Set: 1.3ms
[2023-08-12T19:50:13.782+0100][gc,phases    ] GC(0)   Other: 2.8ms
[2023-08-12T19:50:13.783+0100][gc,heap      ] GC(0) Eden regions: 46->0(44)
[2023-08-12T19:50:13.783+0100][gc,heap      ] GC(0) Survivor regions: 0->7(7)
[2023-08-12T19:50:13.783+0100][gc,heap      ] GC(0) Old regions: 0->0
[2023-08-12T19:50:13.783+0100][gc,heap      ] GC(0) Humongous regions: 0->0
[2023-08-12T19:50:13.784+0100][gc,metaspace ] GC(0) Metaspace: 20771K(21296K)->20771K(21296K) NonClass: 18544K(18864K)->18544K(18864K) Class: 2226K(2432K)->2226K(2432K)
[2023-08-12T19:50:13.784+0100][gc           ] GC(0) Pause Young (Concurrent Start) (Metadata GC Threshold) 46M->6M(1024M) 26.311ms
[2023-08-12T19:50:13.785+0100][gc,cpu       ] GC(0) User=0.05s Sys=0.01s Real=0.03s
[2023-08-12T19:50:13.785+0100][gc           ] GC(1) Concurrent Cycle
[2023-08-12T19:50:13.785+0100][gc,marking   ] GC(1) Concurrent Clear Claimed Marks
[2023-08-12T19:50:13.786+0100][gc,marking   ] GC(1) Concurrent Clear Claimed Marks 0.401ms
[2023-08-12T19:50:13.786+0100][gc,marking   ] GC(1) Concurrent Scan Root Regions
[2023-08-12T19:50:13.788+0100][gc,marking   ] GC(1) Concurrent Scan Root Regions 1.794ms
[2023-08-12T19:50:13.788+0100][gc,marking   ] GC(1) Concurrent Mark (1.820s)
[2023-08-12T19:50:13.789+0100][gc,marking   ] GC(1) Concurrent Mark From Roots
[2023-08-12T19:50:13.789+0100][gc,task      ] GC(1) Using 3 workers of 3 for marking
[2023-08-12T19:50:13.790+0100][gc,marking   ] GC(1) Concurrent Mark From Roots 1.069ms
[2023-08-12T19:50:13.790+0100][gc,marking   ] GC(1) Concurrent Preclean
[2023-08-12T19:50:13.791+0100][gc,marking   ] GC(1) Concurrent Preclean 0.386ms
[2023-08-12T19:50:13.791+0100][gc,marking   ] GC(1) Concurrent Mark (1.820s, 1.823s) 2.505ms
[2023-08-12T19:50:13.791+0100][gc,start     ] GC(1) Pause Remark
[2023-08-12T19:50:13.793+0100][gc,stringtable] GC(1) Cleaned string and symbol table, strings: 7371 processed, 0 removed, symbols: 65298 processed, 31 removed
[2023-08-12T19:50:13.794+0100][gc            ] GC(1) Pause Remark 7M->7M(1024M) 2.344ms
[2023-08-12T19:50:13.794+0100][gc,cpu        ] GC(1) User=0.00s Sys=0.00s Real=0.00s
[2023-08-12T19:50:13.795+0100][gc,marking    ] GC(1) Concurrent Rebuild Remembered Sets
[2023-08-12T19:50:13.795+0100][gc,marking    ] GC(1) Concurrent Rebuild Remembered Sets 0.611ms
[2023-08-12T19:50:13.796+0100][gc,start      ] GC(1) Pause Cleanup
[2023-08-12T19:50:13.796+0100][gc            ] GC(1) Pause Cleanup 7M->7M(1024M) 0.481ms
[2023-08-12T19:50:13.797+0100][gc,cpu        ] GC(1) User=0.00s Sys=0.01s Real=0.00s
[2023-08-12T19:50:13.797+0100][gc,marking    ] GC(1) Concurrent Cleanup for Next Mark
[2023-08-12T19:50:13.799+0100][gc,marking    ] GC(1) Concurrent Cleanup for Next Mark 1.736ms
[2023-08-12T19:50:13.799+0100][gc            ] GC(1) Concurrent Cycle 14.038ms
[2023-08-12T19:50:14.478+0100][gc,start      ] GC(2) Pause Young (Normal) (G1 Evacuation Pause)
[2023-08-12T19:50:14.478+0100][gc,task       ] GC(2) Using 10 workers of 10 for evacuation
[2023-08-12T19:50:14.486+0100][gc,phases     ] GC(2)   Pre Evacuate Collection Set: 0.0ms
[2023-08-12T19:50:14.487+0100][gc,phases     ] GC(2)   Evacuate Collection Set: 6.6ms
[2023-08-12T19:50:14.487+0100][gc,phases     ] GC(2)   Post Evacuate Collection Set: 1.4ms
[2023-08-12T19:50:14.488+0100][gc,phases     ] GC(2)   Other: 1.0ms
[2023-08-12T19:50:14.489+0100][gc,heap       ] GC(2) Eden regions: 44->0(48)
[2023-08-12T19:50:14.489+0100][gc,heap       ] GC(2) Survivor regions: 7->3(7)
[2023-08-12T19:50:14.490+0100][gc,heap       ] GC(2) Old regions: 0->8
[2023-08-12T19:50:14.490+0100][gc,heap       ] GC(2) Humongous regions: 0->0
[2023-08-12T19:50:14.490+0100][gc,metaspace  ] GC(2) Metaspace: 28631K(29488K)->28631K(29488K) NonClass: 25561K(26032K)->25561K(26032K) Class: 3069K(3456K)->3069K(3456K)
[2023-08-12T19:50:14.490+0100][gc            ] GC(2) Pause Young (Normal) (G1 Evacuation Pause) 50M->9M(1024M) 12.959ms
[2023-08-12T19:50:14.491+0100][gc,cpu        ] GC(2) User=0.07s Sys=0.00s Real=0.01s
[2023-08-12T19:50:15.126+0100][gc,start      ] GC(3) Pause Young (Concurrent Start) (Metadata GC Threshold)
[2023-08-12T19:50:15.126+0100][gc,task       ] GC(3) Using 10 workers of 10 for evacuation
[2023-08-12T19:50:15.132+0100][gc,phases     ] GC(3)   Pre Evacuate Collection Set: 0.1ms
[2023-08-12T19:50:15.132+0100][gc,phases     ] GC(3)   Evacuate Collection Set: 4.3ms
[2023-08-12T19:50:15.132+0100][gc,phases     ] GC(3)   Post Evacuate Collection Set: 0.7ms
[2023-08-12T19:50:15.133+0100][gc,phases     ] GC(3)   Other: 1.0ms
[2023-08-12T19:50:15.133+0100][gc,heap       ] GC(3) Eden regions: 30->0(47)
[2023-08-12T19:50:15.133+0100][gc,heap       ] GC(3) Survivor regions: 3->4(7)
[2023-08-12T19:50:15.134+0100][gc,heap       ] GC(3) Old regions: 8->8
[2023-08-12T19:50:15.134+0100][gc,heap       ] GC(3) Humongous regions: 0->0
[2023-08-12T19:50:15.134+0100][gc,metaspace  ] GC(3) Metaspace: 34825K(35888K)->34825K(35888K) NonClass: 31069K(31664K)->31069K(31664K) Class: 3756K(4224K)->3756K(4224K)
[2023-08-12T19:50:15.135+0100][gc            ] GC(3) Pause Young (Concurrent Start) (Metadata GC Threshold) 38M->10M(1024M) 8.787ms
[2023-08-12T19:50:15.135+0100][gc,cpu        ] GC(3) User=0.01s Sys=0.00s Real=0.01s
[2023-08-12T19:50:15.135+0100][gc            ] GC(4) Concurrent Cycle
[2023-08-12T19:50:15.136+0100][gc,marking    ] GC(4) Concurrent Clear Claimed Marks
[2023-08-12T19:50:15.136+0100][gc,marking    ] GC(4) Concurrent Clear Claimed Marks 0.396ms
[2023-08-12T19:50:15.136+0100][gc,marking    ] GC(4) Concurrent Scan Root Regions
[2023-08-12T19:50:15.137+0100][gc,marking    ] GC(4) Concurrent Scan Root Regions 1.180ms
[2023-08-12T19:50:15.138+0100][gc,marking    ] GC(4) Concurrent Mark (3.170s)
[2023-08-12T19:50:15.138+0100][gc,marking    ] GC(4) Concurrent Mark From Roots
[2023-08-12T19:50:15.139+0100][gc,task       ] GC(4) Using 3 workers of 3 for marking
[2023-08-12T19:50:15.142+0100][gc,marking    ] GC(4) Concurrent Mark From Roots 3.304ms
[2023-08-12T19:50:15.142+0100][gc,marking    ] GC(4) Concurrent Preclean
[2023-08-12T19:50:15.142+0100][gc,marking    ] GC(4) Concurrent Preclean 0.415ms
[2023-08-12T19:50:15.143+0100][gc,marking    ] GC(4) Concurrent Mark (3.170s, 3.175s) 4.787ms
[2023-08-12T19:50:15.143+0100][gc,start      ] GC(4) Pause Remark
[2023-08-12T19:50:15.145+0100][gc,stringtable] GC(4) Cleaned string and symbol table, strings: 11591 processed, 11 removed, symbols: 98647 processed, 23 removed
[2023-08-12T19:50:15.146+0100][gc            ] GC(4) Pause Remark 11M->11M(1024M) 2.461ms
[2023-08-12T19:50:15.146+0100][gc,cpu        ] GC(4) User=0.01s Sys=0.00s Real=0.01s
[2023-08-12T19:50:15.146+0100][gc,marking    ] GC(4) Concurrent Rebuild Remembered Sets
[2023-08-12T19:50:15.148+0100][gc,marking    ] GC(4) Concurrent Rebuild Remembered Sets 1.929ms
[2023-08-12T19:50:15.149+0100][gc,start      ] GC(4) Pause Cleanup
[2023-08-12T19:50:15.149+0100][gc            ] GC(4) Pause Cleanup 11M->11M(1024M) 0.491ms
[2023-08-12T19:50:15.150+0100][gc,cpu        ] GC(4) User=0.00s Sys=0.00s Real=0.00s
[2023-08-12T19:50:15.150+0100][gc,marking    ] GC(4) Concurrent Cleanup for Next Mark
[2023-08-12T19:50:15.152+0100][gc,marking    ] GC(4) Concurrent Cleanup for Next Mark 1.614ms
[2023-08-12T19:50:15.152+0100][gc            ] GC(4) Concurrent Cycle 16.830ms
[2023-08-12T19:50:15.789+0100][gc,start      ] GC(5) Pause Young (Normal) (G1 Evacuation Pause)
[2023-08-12T19:50:15.789+0100][gc,task       ] GC(5) Using 10 workers of 10 for evacuation
[2023-08-12T19:50:15.795+0100][gc,phases     ] GC(5)   Pre Evacuate Collection Set: 0.0ms
[2023-08-12T19:50:15.796+0100][gc,phases     ] GC(5)   Evacuate Collection Set: 4.3ms
[2023-08-12T19:50:15.796+0100][gc,phases     ] GC(5)   Post Evacuate Collection Set: 1.1ms
[2023-08-12T19:50:15.797+0100][gc,phases     ] GC(5)   Other: 0.8ms
[2023-08-12T19:50:15.797+0100][gc,heap       ] GC(5) Eden regions: 47->0(44)
[2023-08-12T19:50:15.798+0100][gc,heap       ] GC(5) Survivor regions: 4->7(7)
[2023-08-12T19:50:15.798+0100][gc,heap       ] GC(5) Old regions: 8->8
[2023-08-12T19:50:15.799+0100][gc,heap       ] GC(5) Humongous regions: 9->9
[2023-08-12T19:50:15.799+0100][gc,metaspace  ] GC(5) Metaspace: 40566K(41904K)->40566K(41904K) NonClass: 36231K(37040K)->36231K(37040K) Class: 4335K(4864K)->4335K(4864K)
[2023-08-12T19:50:15.800+0100][gc            ] GC(5) Pause Young (Normal) (G1 Evacuation Pause) 66M->22M(1024M) 10.668ms
[2023-08-12T19:50:15.800+0100][gc,cpu        ] GC(5) User=0.04s Sys=0.01s Real=0.01s
[2023-08-12T19:50:17.847+0100][gc,start      ] GC(6) Pause Young (Normal) (G1 Evacuation Pause)
[2023-08-12T19:50:17.847+0100][gc,task       ] GC(6) Using 10 workers of 10 for evacuation
[2023-08-12T19:50:17.859+0100][gc,phases     ] GC(6)   Pre Evacuate Collection Set: 0.0ms
[2023-08-12T19:50:17.861+0100][gc,phases     ] GC(6)   Evacuate Collection Set: 11.0ms
[2023-08-12T19:50:17.862+0100][gc,phases     ] GC(6)   Post Evacuate Collection Set: 0.9ms
[2023-08-12T19:50:17.862+0100][gc,phases     ] GC(6)   Other: 0.9ms
[2023-08-12T19:50:17.863+0100][gc,heap       ] GC(6) Eden regions: 44->0(44)
[2023-08-12T19:50:17.863+0100][gc,heap       ] GC(6) Survivor regions: 7->7(7)
[2023-08-12T19:50:17.864+0100][gc,heap       ] GC(6) Old regions: 8->11
[2023-08-12T19:50:17.864+0100][gc,heap       ] GC(6) Humongous regions: 138->138
[2023-08-12T19:50:17.864+0100][gc,metaspace  ] GC(6) Metaspace: 45993K(48048K)->45993K(48048K) NonClass: 40788K(41904K)->40788K(41904K) Class: 5204K(6144K)->5204K(6144K)
[2023-08-12T19:50:17.865+0100][gc            ] GC(6) Pause Young (Normal) (G1 Evacuation Pause) 195M->154M(1024M) 18.208ms
[2023-08-12T19:50:17.865+0100][gc,cpu        ] GC(6) User=0.11s Sys=0.03s Real=0.02s
[2023-08-12T19:57:25.318+0100][gc,start      ] GC(7) Pause Young (Normal) (G1 Evacuation Pause)
[2023-08-12T19:57:25.321+0100][gc,task       ] GC(7) Using 10 workers of 10 for evacuation
[2023-08-12T19:57:25.341+0100][gc,phases     ] GC(7)   Pre Evacuate Collection Set: 1.4ms
[2023-08-12T19:57:25.342+0100][gc,phases     ] GC(7)   Evacuate Collection Set: 14.1ms
[2023-08-12T19:57:25.343+0100][gc,phases     ] GC(7)   Post Evacuate Collection Set: 2.1ms
[2023-08-12T19:57:25.344+0100][gc,phases     ] GC(7)   Other: 5.4ms
[2023-08-12T19:57:25.345+0100][gc,heap       ] GC(7) Eden regions: 44->0(46)
[2023-08-12T19:57:25.345+0100][gc,heap       ] GC(7) Survivor regions: 7->5(7)
[2023-08-12T19:57:25.346+0100][gc,heap       ] GC(7) Old regions: 11->13
[2023-08-12T19:57:25.346+0100][gc,heap       ] GC(7) Humongous regions: 144->138
[2023-08-12T19:57:25.347+0100][gc,metaspace  ] GC(7) Metaspace: 49456K(51760K)->49456K(51760K) NonClass: 43774K(44976K)->43774K(44976K) Class: 5682K(6784K)->5682K(6784K)
[2023-08-12T19:57:25.347+0100][gc            ] GC(7) Pause Young (Normal) (G1 Evacuation Pause) 204M->155M(1024M) 28.638ms
[2023-08-12T19:57:25.347+0100][gc,cpu        ] GC(7) User=0.14s Sys=0.00s Real=0.03s
[2023-08-12T20:08:50.355+0100][gc,start      ] GC(8) Pause Young (Normal) (G1 Evacuation Pause)
[2023-08-12T20:08:50.355+0100][gc,task       ] GC(8) Using 10 workers of 10 for evacuation
[2023-08-12T20:08:50.359+0100][gc,phases     ] GC(8)   Pre Evacuate Collection Set: 0.3ms
[2023-08-12T20:08:50.360+0100][gc,phases     ] GC(8)   Evacuate Collection Set: 2.2ms
[2023-08-12T20:08:50.361+0100][gc,phases     ] GC(8)   Post Evacuate Collection Set: 0.8ms
[2023-08-12T20:08:50.361+0100][gc,phases     ] GC(8)   Other: 1.4ms
[2023-08-12T20:08:50.362+0100][gc,heap       ] GC(8) Eden regions: 46->0(48)
[2023-08-12T20:08:50.362+0100][gc,heap       ] GC(8) Survivor regions: 5->3(7)
[2023-08-12T20:08:50.362+0100][gc,heap       ] GC(8) Old regions: 13->16
[2023-08-12T20:08:50.363+0100][gc,heap       ] GC(8) Humongous regions: 138->138
[2023-08-12T20:08:50.363+0100][gc,metaspace  ] GC(8) Metaspace: 50040K(52656K)->50040K(52656K) NonClass: 44304K(45744K)->44304K(45744K) Class: 5735K(6912K)->5735K(6912K)
[2023-08-12T20:08:50.364+0100][gc            ] GC(8) Pause Young (Normal) (G1 Evacuation Pause) 201M->156M(1024M) 9.165ms
[2023-08-12T20:08:50.364+0100][gc,cpu        ] GC(8) User=0.02s Sys=0.00s Real=0.01s
[2023-08-12T20:21:52.216+0100][gc,start      ] GC(9) Pause Young (Normal) (G1 Evacuation Pause)
[2023-08-12T20:21:52.217+0100][gc,task       ] GC(9) Using 10 workers of 10 for evacuation
[2023-08-12T20:21:52.222+0100][gc,phases     ] GC(9)   Pre Evacuate Collection Set: 0.7ms
[2023-08-12T20:21:52.222+0100][gc,phases     ] GC(9)   Evacuate Collection Set: 2.2ms
[2023-08-12T20:21:52.223+0100][gc,phases     ] GC(9)   Post Evacuate Collection Set: 1.0ms
[2023-08-12T20:21:52.223+0100][gc,phases     ] GC(9)   Other: 2.2ms
[2023-08-12T20:21:52.224+0100][gc,heap       ] GC(9) Eden regions: 48->0(48)
[2023-08-12T20:21:52.224+0100][gc,heap       ] GC(9) Survivor regions: 3->3(7)
[2023-08-12T20:21:52.225+0100][gc,heap       ] GC(9) Old regions: 16->16
[2023-08-12T20:21:52.225+0100][gc,heap       ] GC(9) Humongous regions: 138->138
[2023-08-12T20:21:52.226+0100][gc,metaspace  ] GC(9) Metaspace: 50099K(52656K)->50099K(52656K) NonClass: 44364K(45744K)->44364K(45744K) Class: 5735K(6912K)->5735K(6912K)
[2023-08-12T20:21:52.226+0100][gc            ] GC(9) Pause Young (Normal) (G1 Evacuation Pause) 204M->156M(1024M) 10.517ms
[2023-08-12T20:21:52.227+0100][gc,cpu        ] GC(9) User=0.02s Sys=0.01s Real=0.01s
[2023-08-12T20:31:52.189+0100][gc,start      ] GC(10) Pause Young (Normal) (G1 Evacuation Pause)
[2023-08-12T20:31:52.190+0100][gc,task       ] GC(10) Using 10 workers of 10 for evacuation
[2023-08-12T20:31:52.195+0100][gc,phases     ] GC(10)   Pre Evacuate Collection Set: 0.3ms
[2023-08-12T20:31:52.196+0100][gc,phases     ] GC(10)   Evacuate Collection Set: 3.8ms
[2023-08-12T20:31:52.196+0100][gc,phases     ] GC(10)   Post Evacuate Collection Set: 0.9ms
[2023-08-12T20:31:52.197+0100][gc,phases     ] GC(10)   Other: 1.3ms
[2023-08-12T20:31:52.197+0100][gc,heap       ] GC(10) Eden regions: 48->0(45)
[2023-08-12T20:31:52.197+0100][gc,heap       ] GC(10) Survivor regions: 3->6(7)
[2023-08-12T20:31:52.198+0100][gc,heap       ] GC(10) Old regions: 16->16
[2023-08-12T20:31:52.198+0100][gc,heap       ] GC(10) Humongous regions: 138->138
[2023-08-12T20:31:52.198+0100][gc,metaspace  ] GC(10) Metaspace: 50547K(53168K)->50547K(53168K) NonClass: 44811K(46256K)->44811K(46256K) Class: 5735K(6912K)->5735K(6912K)
[2023-08-12T20:31:52.199+0100][gc            ] GC(10) Pause Young (Normal) (G1 Evacuation Pause) 204M->159M(1024M) 9.533ms
[2023-08-12T20:31:52.199+0100][gc,cpu        ] GC(10) User=0.04s Sys=0.00s Real=0.01s
[2023-08-12T20:40:15.690+0100][gc,start      ] GC(11) Pause Young (Normal) (G1 Evacuation Pause)
[2023-08-12T20:40:15.691+0100][gc,task       ] GC(11) Using 10 workers of 10 for evacuation
[2023-08-12T20:40:15.698+0100][gc,phases     ] GC(11)   Pre Evacuate Collection Set: 0.9ms
[2023-08-12T20:40:15.699+0100][gc,phases     ] GC(11)   Evacuate Collection Set: 5.1ms
[2023-08-12T20:40:15.699+0100][gc,phases     ] GC(11)   Post Evacuate Collection Set: 0.8ms
[2023-08-12T20:40:15.700+0100][gc,phases     ] GC(11)   Other: 1.4ms
[2023-08-12T20:40:15.700+0100][gc,heap       ] GC(11) Eden regions: 45->0(48)
[2023-08-12T20:40:15.701+0100][gc,heap       ] GC(11) Survivor regions: 6->5(7)
[2023-08-12T20:40:15.701+0100][gc,heap       ] GC(11) Old regions: 16->18
[2023-08-12T20:40:15.701+0100][gc,heap       ] GC(11) Humongous regions: 138->138
[2023-08-12T20:40:15.702+0100][gc,metaspace  ] GC(11) Metaspace: 50623K(53168K)->50623K(53168K) NonClass: 44878K(46256K)->44878K(46256K) Class: 5745K(6912K)->5745K(6912K)
[2023-08-12T20:40:15.702+0100][gc            ] GC(11) Pause Young (Normal) (G1 Evacuation Pause) 204M->160M(1024M) 12.007ms
[2023-08-12T20:40:15.703+0100][gc,cpu        ] GC(11) User=0.05s Sys=0.00s Real=0.01s
[2023-08-12T20:49:30.364+0100][gc,start      ] GC(12) Pause Young (Normal) (G1 Evacuation Pause)
[2023-08-12T20:49:30.365+0100][gc,task       ] GC(12) Using 10 workers of 10 for evacuation
[2023-08-12T20:49:30.379+0100][gc,phases     ] GC(12)   Pre Evacuate Collection Set: 0.5ms
[2023-08-12T20:49:30.380+0100][gc,phases     ] GC(12)   Evacuate Collection Set: 12.0ms
[2023-08-12T20:49:30.382+0100][gc,phases     ] GC(12)   Post Evacuate Collection Set: 0.9ms
[2023-08-12T20:49:30.382+0100][gc,phases     ] GC(12)   Other: 2.0ms
[2023-08-12T20:49:30.383+0100][gc,heap       ] GC(12) Eden regions: 48->0(64)
[2023-08-12T20:49:30.383+0100][gc,heap       ] GC(12) Survivor regions: 5->3(7)
[2023-08-12T20:49:30.384+0100][gc,heap       ] GC(12) Old regions: 18->19
[2023-08-12T20:49:30.384+0100][gc,heap       ] GC(12) Humongous regions: 138->138
[2023-08-12T20:49:30.385+0100][gc,metaspace  ] GC(12) Metaspace: 50639K(53168K)->50639K(53168K) NonClass: 44893K(46256K)->44893K(46256K) Class: 5745K(6912K)->5745K(6912K)
[2023-08-12T20:49:30.385+0100][gc            ] GC(12) Pause Young (Normal) (G1 Evacuation Pause) 208M->159M(1024M) 21.274ms
[2023-08-12T20:49:30.386+0100][gc,cpu        ] GC(12) User=0.11s Sys=0.01s Real=0.03s
[2023-08-12T21:03:00.959+0100][gc,start      ] GC(13) Pause Young (Normal) (G1 Evacuation Pause)
[2023-08-12T21:03:00.960+0100][gc,task       ] GC(13) Using 10 workers of 10 for evacuation
[2023-08-12T21:03:00.971+0100][gc,phases     ] GC(13)   Pre Evacuate Collection Set: 0.4ms
[2023-08-12T21:03:00.972+0100][gc,phases     ] GC(13)   Evacuate Collection Set: 8.7ms
[2023-08-12T21:03:00.972+0100][gc,phases     ] GC(13)   Post Evacuate Collection Set: 1.3ms
[2023-08-12T21:03:00.973+0100][gc,phases     ] GC(13)   Other: 2.0ms
[2023-08-12T21:03:00.973+0100][gc,heap       ] GC(13) Eden regions: 64->0(67)
[2023-08-12T21:03:00.974+0100][gc,heap       ] GC(13) Survivor regions: 3->4(9)
[2023-08-12T21:03:00.974+0100][gc,heap       ] GC(13) Old regions: 19->19
[2023-08-12T21:03:00.975+0100][gc,heap       ] GC(13) Humongous regions: 147->147
[2023-08-12T21:03:00.975+0100][gc,metaspace  ] GC(13) Metaspace: 50824K(53424K)->50824K(53424K) NonClass: 45046K(46512K)->45046K(46512K) Class: 5777K(6912K)->5777K(6912K)
[2023-08-12T21:03:00.976+0100][gc            ] GC(13) Pause Young (Normal) (G1 Evacuation Pause) 232M->169M(1024M) 16.972ms
[2023-08-12T21:03:00.976+0100][gc,cpu        ] GC(13) User=0.06s Sys=0.01s Real=0.02s
[2023-08-12T21:16:42.221+0100][gc,start      ] GC(14) Pause Young (Normal) (G1 Evacuation Pause)
[2023-08-12T21:16:42.225+0100][gc,task       ] GC(14) Using 10 workers of 10 for evacuation
[2023-08-12T21:16:42.251+0100][gc,mmu        ] GC(14) MMU target violated: 20.8ms (20.0ms/21.0ms)
[2023-08-12T21:16:42.252+0100][gc,phases     ] GC(14)   Pre Evacuate Collection Set: 1.0ms
[2023-08-12T21:16:42.253+0100][gc,phases     ] GC(14)   Evacuate Collection Set: 18.3ms
[2023-08-12T21:16:42.254+0100][gc,phases     ] GC(14)   Post Evacuate Collection Set: 1.2ms
[2023-08-12T21:16:42.255+0100][gc,phases     ] GC(14)   Other: 10.9ms
[2023-08-12T21:16:42.256+0100][gc,heap       ] GC(14) Eden regions: 66->0(66)
[2023-08-12T21:16:42.256+0100][gc,heap       ] GC(14) Survivor regions: 4->5(9)
[2023-08-12T21:16:42.257+0100][gc,heap       ] GC(14) Old regions: 19->19
[2023-08-12T21:16:42.260+0100][gc,heap       ] GC(14) Humongous regions: 147->147
[2023-08-12T21:16:42.261+0100][gc,metaspace  ] GC(14) Metaspace: 50828K(53424K)->50828K(53424K) NonClass: 45050K(46512K)->45050K(46512K) Class: 5777K(6912K)->5777K(6912K)
[2023-08-12T21:16:42.263+0100][gc            ] GC(14) Pause Young (Normal) (G1 Evacuation Pause) 235M->170M(1024M) 41.254ms
[2023-08-12T21:16:42.264+0100][gc,cpu        ] GC(14) User=0.18s Sys=0.00s Real=0.04s
[2023-08-12T22:07:52.767+0100][gc,start      ] GC(15) Pause Young (Normal) (G1 Evacuation Pause)
[2023-08-12T22:07:52.767+0100][gc,task       ] GC(15) Using 10 workers of 10 for evacuation
[2023-08-12T22:07:52.773+0100][gc,phases     ] GC(15)   Pre Evacuate Collection Set: 0.2ms
[2023-08-12T22:07:52.774+0100][gc,phases     ] GC(15)   Evacuate Collection Set: 3.1ms
[2023-08-12T22:07:52.774+0100][gc,phases     ] GC(15)   Post Evacuate Collection Set: 1.4ms
[2023-08-12T22:07:52.775+0100][gc,phases     ] GC(15)   Other: 1.7ms
[2023-08-12T22:07:52.776+0100][gc,heap       ] GC(15) Eden regions: 66->0(74)
[2023-08-12T22:07:52.776+0100][gc,heap       ] GC(15) Survivor regions: 5->4(9)
[2023-08-12T22:07:52.777+0100][gc,heap       ] GC(15) Old regions: 19->19
[2023-08-12T22:07:52.778+0100][gc,heap       ] GC(15) Humongous regions: 147->147
[2023-08-12T22:07:52.779+0100][gc,metaspace  ] GC(15) Metaspace: 50852K(53424K)->50852K(53424K) NonClass: 45074K(46512K)->45074K(46512K) Class: 5777K(6912K)->5777K(6912K)
[2023-08-12T22:07:52.780+0100][gc            ] GC(15) Pause Young (Normal) (G1 Evacuation Pause) 236M->169M(1024M) 13.301ms
[2023-08-12T22:07:52.781+0100][gc,cpu        ] GC(15) User=0.02s Sys=0.01s Real=0.01s
[2023-08-12T22:22:44.686+0100][gc,start      ] GC(16) Pause Young (Normal) (G1 Evacuation Pause)
[2023-08-12T22:22:44.687+0100][gc,task       ] GC(16) Using 10 workers of 10 for evacuation
[2023-08-12T22:22:44.709+0100][gc,phases     ] GC(16)   Pre Evacuate Collection Set: 0.6ms
[2023-08-12T22:22:44.710+0100][gc,phases     ] GC(16)   Evacuate Collection Set: 15.5ms
[2023-08-12T22:22:44.712+0100][gc,phases     ] GC(16)   Post Evacuate Collection Set: 2.9ms
[2023-08-12T22:22:44.714+0100][gc,phases     ] GC(16)   Other: 4.3ms
[2023-08-12T22:22:44.716+0100][gc,heap       ] GC(16) Eden regions: 74->0(76)
[2023-08-12T22:22:44.717+0100][gc,heap       ] GC(16) Survivor regions: 4->5(10)
[2023-08-12T22:22:44.719+0100][gc,heap       ] GC(16) Old regions: 19->19
[2023-08-12T22:22:44.721+0100][gc,heap       ] GC(16) Humongous regions: 147->147
[2023-08-12T22:22:44.722+0100][gc,metaspace  ] GC(16) Metaspace: 50852K(53424K)->50852K(53424K) NonClass: 45074K(46512K)->45074K(46512K) Class: 5777K(6912K)->5777K(6912K)
[2023-08-12T22:22:44.724+0100][gc            ] GC(16) Pause Young (Normal) (G1 Evacuation Pause) 243M->170M(1024M) 37.971ms
[2023-08-12T22:22:44.726+0100][gc,cpu        ] GC(16) User=0.09s Sys=0.07s Real=0.04s
[2023-08-13T17:57:55.828+0100][gc,start      ] GC(17) Pause Young (Normal) (G1 Evacuation Pause)
[2023-08-13T17:57:55.831+0100][gc,task       ] GC(17) Using 10 workers of 10 for evacuation
[2023-08-13T17:57:55.884+0100][gc,mmu        ] GC(17) MMU target violated: 21.0ms (20.0ms/21.0ms)
[2023-08-13T17:57:55.885+0100][gc,phases     ] GC(17)   Pre Evacuate Collection Set: 0.8ms
[2023-08-13T17:57:55.886+0100][gc,phases     ] GC(17)   Evacuate Collection Set: 33.9ms
[2023-08-13T17:57:55.891+0100][gc,phases     ] GC(17)   Post Evacuate Collection Set: 16.3ms
[2023-08-13T17:57:55.897+0100][gc,phases     ] GC(17)   Other: 6.0ms
[2023-08-13T17:57:55.900+0100][gc,heap       ] GC(17) Eden regions: 76->0(47)
[2023-08-13T17:57:55.907+0100][gc,heap       ] GC(17) Survivor regions: 5->4(11)
[2023-08-13T17:57:55.917+0100][gc,heap       ] GC(17) Old regions: 19->19
[2023-08-13T17:57:55.920+0100][gc,heap       ] GC(17) Humongous regions: 147->147
[2023-08-13T17:57:55.924+0100][gc,metaspace  ] GC(17) Metaspace: 51035K(53680K)->51035K(53680K) NonClass: 45229K(46768K)->45229K(46768K) Class: 5805K(6912K)->5805K(6912K)
[2023-08-13T17:57:55.926+0100][gc            ] GC(17) Pause Young (Normal) (G1 Evacuation Pause) 246M->169M(1024M) 97.929ms
[2023-08-13T17:57:55.927+0100][gc,cpu        ] GC(17) User=0.37s Sys=0.00s Real=0.10s
[2023-08-13T18:02:42.641+0100][gc,start      ] GC(18) Pause Young (Normal) (G1 Evacuation Pause)
[2023-08-13T18:02:42.642+0100][gc,task       ] GC(18) Using 10 workers of 10 for evacuation
[2023-08-13T18:02:42.652+0100][gc,phases     ] GC(18)   Pre Evacuate Collection Set: 2.0ms
[2023-08-13T18:02:42.653+0100][gc,phases     ] GC(18)   Evacuate Collection Set: 3.6ms
[2023-08-13T18:02:42.653+0100][gc,phases     ] GC(18)   Post Evacuate Collection Set: 3.4ms
[2023-08-13T18:02:42.654+0100][gc,phases     ] GC(18)   Other: 2.0ms
[2023-08-13T18:02:42.654+0100][gc,heap       ] GC(18) Eden regions: 47->0(47)
[2023-08-13T18:02:42.655+0100][gc,heap       ] GC(18) Survivor regions: 4->4(7)
[2023-08-13T18:02:42.656+0100][gc,heap       ] GC(18) Old regions: 19->19
[2023-08-13T18:02:42.656+0100][gc,heap       ] GC(18) Humongous regions: 159->147
[2023-08-13T18:02:42.657+0100][gc,metaspace  ] GC(18) Metaspace: 51638K(54448K)->51638K(54448K) NonClass: 45691K(47280K)->45691K(47280K) Class: 5947K(7168K)->5947K(7168K)
[2023-08-13T18:02:42.658+0100][gc            ] GC(18) Pause Young (Normal) (G1 Evacuation Pause) 228M->169M(1024M) 16.344ms
[2023-08-13T18:02:42.658+0100][gc,cpu        ] GC(18) User=0.05s Sys=0.00s Real=0.02s
[2023-08-13T18:02:42.987+0100][gc,heap,exit  ] Heap
[2023-08-13T18:02:42.988+0100][gc,heap,exit  ]  garbage-first heap   total 1048576K, used 177973K [0x00000000c0000000, 0x0000000100000000)
[2023-08-13T18:02:42.989+0100][gc,heap,exit  ]   region size 1024K, 9 young (9216K), 4 survivors (4096K)
[2023-08-13T18:02:42.989+0100][gc,heap,exit  ]  Metaspace       used 51833K, capacity 54428K, committed 54576K, reserved 1097728K
[2023-08-13T18:02:42.990+0100][gc,heap,exit  ]   class space    used 6006K, capacity 7216K, committed 7296K, reserved 1048576K
