[2023-08-12T19:20:25.952+0100][gc,heap] Heap region size: 1M
[2023-08-12T19:20:25.958+0100][gc     ] Using G1
[2023-08-12T19:20:25.959+0100][gc,heap,coops] Heap address: 0x00000000c0000000, size: 1024 MB, Compressed Oops mode: 32-bit
[2023-08-12T19:20:28.975+0100][gc,start     ] GC(0) Pause Young (Concurrent Start) (Metadata GC Threshold)
[2023-08-12T19:20:28.976+0100][gc,task      ] GC(0) Using 10 workers of 10 for evacuation
[2023-08-12T19:20:28.987+0100][gc,phases    ] GC(0)   Pre Evacuate Collection Set: 0.0ms
[2023-08-12T19:20:28.988+0100][gc,phases    ] GC(0)   Evacuate Collection Set: 9.5ms
[2023-08-12T19:20:28.989+0100][gc,phases    ] GC(0)   Post Evacuate Collection Set: 1.0ms
[2023-08-12T19:20:28.989+0100][gc,phases    ] GC(0)   Other: 1.9ms
[2023-08-12T19:20:28.990+0100][gc,heap      ] GC(0) Eden regions: 46->0(44)
[2023-08-12T19:20:28.990+0100][gc,heap      ] GC(0) Survivor regions: 0->7(7)
[2023-08-12T19:20:28.991+0100][gc,heap      ] GC(0) Old regions: 0->0
[2023-08-12T19:20:28.991+0100][gc,heap      ] GC(0) Humongous regions: 0->0
[2023-08-12T19:20:28.992+0100][gc,metaspace ] GC(0) Metaspace: 20734K(21296K)->20734K(21296K) NonClass: 18518K(18944K)->18518K(18944K) Class: 2215K(2352K)->2215K(2352K)
[2023-08-12T19:20:28.992+0100][gc           ] GC(0) Pause Young (Concurrent Start) (Metadata GC Threshold) 46M->6M(1024M) 17.107ms
[2023-08-12T19:20:28.992+0100][gc,cpu       ] GC(0) User=0.04s Sys=0.02s Real=0.01s
[2023-08-12T19:20:28.993+0100][gc           ] GC(1) Concurrent Cycle
[2023-08-12T19:20:28.993+0100][gc,marking   ] GC(1) Concurrent Clear Claimed Marks
[2023-08-12T19:20:28.994+0100][gc,marking   ] GC(1) Concurrent Clear Claimed Marks 0.416ms
[2023-08-12T19:20:28.994+0100][gc,marking   ] GC(1) Concurrent Scan Root Regions
[2023-08-12T19:20:28.996+0100][gc,marking   ] GC(1) Concurrent Scan Root Regions 2.096ms
[2023-08-12T19:20:28.997+0100][gc,marking   ] GC(1) Concurrent Mark (3.254s)
[2023-08-12T19:20:28.997+0100][gc,marking   ] GC(1) Concurrent Mark From Roots
[2023-08-12T19:20:28.997+0100][gc,task      ] GC(1) Using 3 workers of 3 for marking
[2023-08-12T19:20:28.998+0100][gc,marking   ] GC(1) Concurrent Mark From Roots 1.008ms
[2023-08-12T19:20:28.998+0100][gc,marking   ] GC(1) Concurrent Preclean
[2023-08-12T19:20:28.999+0100][gc,marking   ] GC(1) Concurrent Preclean 0.376ms
[2023-08-12T19:20:28.999+0100][gc,marking   ] GC(1) Concurrent Mark (3.254s, 3.256s) 2.520ms
[2023-08-12T19:20:29.000+0100][gc,start     ] GC(1) Pause Remark
[2023-08-12T19:20:29.004+0100][gc,stringtable] GC(1) Cleaned string and symbol table, strings: 7349 processed, 0 removed, symbols: 65286 processed, 31 removed
[2023-08-12T19:20:29.005+0100][gc            ] GC(1) Pause Remark 7M->7M(1024M) 5.442ms
[2023-08-12T19:20:29.006+0100][gc,cpu        ] GC(1) User=0.04s Sys=0.00s Real=0.01s
[2023-08-12T19:20:29.006+0100][gc,marking    ] GC(1) Concurrent Rebuild Remembered Sets
[2023-08-12T19:20:29.007+0100][gc,marking    ] GC(1) Concurrent Rebuild Remembered Sets 0.499ms
[2023-08-12T19:20:29.007+0100][gc,start      ] GC(1) Pause Cleanup
[2023-08-12T19:20:29.008+0100][gc            ] GC(1) Pause Cleanup 7M->7M(1024M) 0.706ms
[2023-08-12T19:20:29.008+0100][gc,cpu        ] GC(1) User=0.00s Sys=0.00s Real=0.00s
[2023-08-12T19:20:29.009+0100][gc,marking    ] GC(1) Concurrent Cleanup for Next Mark
[2023-08-12T19:20:29.013+0100][gc,marking    ] GC(1) Concurrent Cleanup for Next Mark 3.758ms
[2023-08-12T19:20:29.013+0100][gc            ] GC(1) Concurrent Cycle 20.305ms
[2023-08-12T19:20:30.126+0100][gc,start      ] GC(2) Pause Young (Normal) (G1 Evacuation Pause)
[2023-08-12T19:20:30.127+0100][gc,task       ] GC(2) Using 10 workers of 10 for evacuation
[2023-08-12T19:20:30.141+0100][gc,phases     ] GC(2)   Pre Evacuate Collection Set: 0.0ms
[2023-08-12T19:20:30.142+0100][gc,phases     ] GC(2)   Evacuate Collection Set: 12.7ms
[2023-08-12T19:20:30.142+0100][gc,phases     ] GC(2)   Post Evacuate Collection Set: 0.9ms
[2023-08-12T19:20:30.143+0100][gc,phases     ] GC(2)   Other: 1.2ms
[2023-08-12T19:20:30.143+0100][gc,heap       ] GC(2) Eden regions: 44->0(48)
[2023-08-12T19:20:30.144+0100][gc,heap       ] GC(2) Survivor regions: 7->3(7)
[2023-08-12T19:20:30.144+0100][gc,heap       ] GC(2) Old regions: 0->7
[2023-08-12T19:20:30.145+0100][gc,heap       ] GC(2) Humongous regions: 0->0
[2023-08-12T19:20:30.145+0100][gc,metaspace  ] GC(2) Metaspace: 28659K(29436K)->28659K(29436K) NonClass: 25589K(26060K)->25589K(26060K) Class: 3069K(3376K)->3069K(3376K)
[2023-08-12T19:20:30.145+0100][gc            ] GC(2) Pause Young (Normal) (G1 Evacuation Pause) 50M->9M(1024M) 18.919ms
[2023-08-12T19:20:30.146+0100][gc,cpu        ] GC(2) User=0.10s Sys=0.03s Real=0.02s
[2023-08-12T19:20:31.051+0100][gc,start      ] GC(3) Pause Young (Concurrent Start) (Metadata GC Threshold)
[2023-08-12T19:20:31.051+0100][gc,task       ] GC(3) Using 10 workers of 10 for evacuation
[2023-08-12T19:20:31.057+0100][gc,phases     ] GC(3)   Pre Evacuate Collection Set: 0.1ms
[2023-08-12T19:20:31.057+0100][gc,phases     ] GC(3)   Evacuate Collection Set: 4.3ms
[2023-08-12T19:20:31.058+0100][gc,phases     ] GC(3)   Post Evacuate Collection Set: 0.6ms
[2023-08-12T19:20:31.058+0100][gc,phases     ] GC(3)   Other: 0.8ms
[2023-08-12T19:20:31.058+0100][gc,heap       ] GC(3) Eden regions: 30->0(47)
[2023-08-12T19:20:31.059+0100][gc,heap       ] GC(3) Survivor regions: 3->4(7)
[2023-08-12T19:20:31.059+0100][gc,heap       ] GC(3) Old regions: 7->7
[2023-08-12T19:20:31.059+0100][gc,heap       ] GC(3) Humongous regions: 0->0
[2023-08-12T19:20:31.060+0100][gc,metaspace  ] GC(3) Metaspace: 34831K(35964K)->34831K(35964K) NonClass: 31058K(31692K)->31058K(31692K) Class: 3773K(4272K)->3773K(4272K)
[2023-08-12T19:20:31.060+0100][gc            ] GC(3) Pause Young (Concurrent Start) (Metadata GC Threshold) 38M->10M(1024M) 9.092ms
[2023-08-12T19:20:31.060+0100][gc,cpu        ] GC(3) User=0.01s Sys=0.00s Real=0.01s
[2023-08-12T19:20:31.061+0100][gc            ] GC(4) Concurrent Cycle
[2023-08-12T19:20:31.061+0100][gc,marking    ] GC(4) Concurrent Clear Claimed Marks
[2023-08-12T19:20:31.062+0100][gc,marking    ] GC(4) Concurrent Clear Claimed Marks 0.481ms
[2023-08-12T19:20:31.062+0100][gc,marking    ] GC(4) Concurrent Scan Root Regions
[2023-08-12T19:20:31.063+0100][gc,marking    ] GC(4) Concurrent Scan Root Regions 1.386ms
[2023-08-12T19:20:31.064+0100][gc,marking    ] GC(4) Concurrent Mark (5.321s)
[2023-08-12T19:20:31.064+0100][gc,marking    ] GC(4) Concurrent Mark From Roots
[2023-08-12T19:20:31.065+0100][gc,task       ] GC(4) Using 3 workers of 3 for marking
[2023-08-12T19:20:31.068+0100][gc,marking    ] GC(4) Concurrent Mark From Roots 3.453ms
[2023-08-12T19:20:31.068+0100][gc,marking    ] GC(4) Concurrent Preclean
[2023-08-12T19:20:31.068+0100][gc,marking    ] GC(4) Concurrent Preclean 0.405ms
[2023-08-12T19:20:31.069+0100][gc,marking    ] GC(4) Concurrent Mark (5.321s, 5.326s) 4.965ms
[2023-08-12T19:20:31.069+0100][gc,start      ] GC(4) Pause Remark
[2023-08-12T19:20:31.071+0100][gc,stringtable] GC(4) Cleaned string and symbol table, strings: 11516 processed, 11 removed, symbols: 98968 processed, 22 removed
[2023-08-12T19:20:31.072+0100][gc            ] GC(4) Pause Remark 10M->10M(1024M) 3.196ms
[2023-08-12T19:20:31.073+0100][gc,cpu        ] GC(4) User=0.01s Sys=0.00s Real=0.00s
[2023-08-12T19:20:31.073+0100][gc,marking    ] GC(4) Concurrent Rebuild Remembered Sets
[2023-08-12T19:20:31.075+0100][gc,marking    ] GC(4) Concurrent Rebuild Remembered Sets 1.905ms
[2023-08-12T19:20:31.076+0100][gc,start      ] GC(4) Pause Cleanup
[2023-08-12T19:20:31.076+0100][gc            ] GC(4) Pause Cleanup 10M->10M(1024M) 0.656ms
[2023-08-12T19:20:31.077+0100][gc,cpu        ] GC(4) User=0.00s Sys=0.00s Real=0.00s
[2023-08-12T19:20:31.077+0100][gc,marking    ] GC(4) Concurrent Cleanup for Next Mark
[2023-08-12T19:20:31.081+0100][gc,marking    ] GC(4) Concurrent Cleanup for Next Mark 4.169ms
[2023-08-12T19:20:31.082+0100][gc            ] GC(4) Concurrent Cycle 21.196ms
[2023-08-12T19:20:32.197+0100][gc,start      ] GC(5) Pause Young (Normal) (G1 Evacuation Pause)
[2023-08-12T19:20:32.199+0100][gc,task       ] GC(5) Using 10 workers of 10 for evacuation
[2023-08-12T19:20:32.224+0100][gc,mmu        ] GC(5) MMU target violated: 21.0ms (20.0ms/21.0ms)
[2023-08-12T19:20:32.227+0100][gc,phases     ] GC(5)   Pre Evacuate Collection Set: 0.0ms
[2023-08-12T19:20:32.228+0100][gc,phases     ] GC(5)   Evacuate Collection Set: 23.1ms
[2023-08-12T19:20:32.230+0100][gc,phases     ] GC(5)   Post Evacuate Collection Set: 1.4ms
[2023-08-12T19:20:32.230+0100][gc,phases     ] GC(5)   Other: 5.8ms
[2023-08-12T19:20:32.231+0100][gc,heap       ] GC(5) Eden regions: 47->0(44)
[2023-08-12T19:20:32.231+0100][gc,heap       ] GC(5) Survivor regions: 4->7(7)
[2023-08-12T19:20:32.232+0100][gc,heap       ] GC(5) Old regions: 7->7
[2023-08-12T19:20:32.233+0100][gc,heap       ] GC(5) Humongous regions: 9->9
[2023-08-12T19:20:32.233+0100][gc,metaspace  ] GC(5) Metaspace: 41825K(43260K)->41825K(43260K) NonClass: 37327K(38092K)->37327K(38092K) Class: 4498K(5168K)->4498K(5168K)
[2023-08-12T19:20:32.234+0100][gc            ] GC(5) Pause Young (Normal) (G1 Evacuation Pause) 66M->22M(1024M) 36.533ms
[2023-08-12T19:20:32.234+0100][gc,cpu        ] GC(5) User=0.19s Sys=0.05s Real=0.04s
[2023-08-12T19:28:00.192+0100][gc,start      ] GC(6) Pause Young (Normal) (G1 Evacuation Pause)
[2023-08-12T19:28:00.193+0100][gc,task       ] GC(6) Using 10 workers of 10 for evacuation
[2023-08-12T19:28:00.200+0100][gc,phases     ] GC(6)   Pre Evacuate Collection Set: 0.5ms
[2023-08-12T19:28:00.200+0100][gc,phases     ] GC(6)   Evacuate Collection Set: 5.1ms
[2023-08-12T19:28:00.201+0100][gc,phases     ] GC(6)   Post Evacuate Collection Set: 0.8ms
[2023-08-12T19:28:00.201+0100][gc,phases     ] GC(6)   Other: 1.5ms
[2023-08-12T19:28:00.201+0100][gc,heap       ] GC(6) Eden regions: 44->0(45)
[2023-08-12T19:28:00.202+0100][gc,heap       ] GC(6) Survivor regions: 7->6(7)
[2023-08-12T19:28:00.202+0100][gc,heap       ] GC(6) Old regions: 7->10
[2023-08-12T19:28:00.202+0100][gc,heap       ] GC(6) Humongous regions: 138->138
[2023-08-12T19:28:00.203+0100][gc,metaspace  ] GC(6) Metaspace: 46478K(48508K)->46478K(48508K) NonClass: 41316K(42444K)->41316K(42444K) Class: 5162K(6064K)->5162K(6064K)
[2023-08-12T19:28:00.203+0100][gc            ] GC(6) Pause Young (Normal) (G1 Evacuation Pause) 195M->153M(1024M) 10.872ms
[2023-08-12T19:28:00.203+0100][gc,cpu        ] GC(6) User=0.05s Sys=0.00s Real=0.01s
[2023-08-12T19:41:21.525+0100][gc,start      ] GC(7) Pause Young (Normal) (G1 Evacuation Pause)
[2023-08-12T19:41:21.528+0100][gc,task       ] GC(7) Using 10 workers of 10 for evacuation
[2023-08-12T19:41:21.537+0100][gc,phases     ] GC(7)   Pre Evacuate Collection Set: 0.0ms
[2023-08-12T19:41:21.538+0100][gc,phases     ] GC(7)   Evacuate Collection Set: 6.3ms
[2023-08-12T19:41:21.538+0100][gc,phases     ] GC(7)   Post Evacuate Collection Set: 0.8ms
[2023-08-12T19:41:21.539+0100][gc,phases     ] GC(7)   Other: 5.1ms
[2023-08-12T19:41:21.539+0100][gc,heap       ] GC(7) Eden regions: 45->0(48)
[2023-08-12T19:41:21.539+0100][gc,heap       ] GC(7) Survivor regions: 6->3(7)
[2023-08-12T19:41:21.540+0100][gc,heap       ] GC(7) Old regions: 10->14
[2023-08-12T19:41:21.540+0100][gc,heap       ] GC(7) Humongous regions: 138->138
[2023-08-12T19:41:21.540+0100][gc,metaspace  ] GC(7) Metaspace: 47024K(49020K)->47024K(49020K) NonClass: 41841K(42956K)->41841K(42956K) Class: 5182K(6064K)->5182K(6064K)
[2023-08-12T19:41:21.541+0100][gc            ] GC(7) Pause Young (Normal) (G1 Evacuation Pause) 198M->153M(1024M) 15.829ms
[2023-08-12T19:41:21.541+0100][gc,cpu        ] GC(7) User=0.06s Sys=0.00s Real=0.01s
[2023-08-12T19:48:38.034+0100][gc,start      ] GC(8) Pause Young (Normal) (G1 Evacuation Pause)
[2023-08-12T19:48:38.035+0100][gc,task       ] GC(8) Using 10 workers of 10 for evacuation
[2023-08-12T19:48:38.039+0100][gc,phases     ] GC(8)   Pre Evacuate Collection Set: 0.1ms
[2023-08-12T19:48:38.040+0100][gc,phases     ] GC(8)   Evacuate Collection Set: 2.8ms
[2023-08-12T19:48:38.040+0100][gc,phases     ] GC(8)   Post Evacuate Collection Set: 1.0ms
[2023-08-12T19:48:38.041+0100][gc,phases     ] GC(8)   Other: 1.2ms
[2023-08-12T19:48:38.042+0100][gc,heap       ] GC(8) Eden regions: 48->0(47)
[2023-08-12T19:48:38.042+0100][gc,heap       ] GC(8) Survivor regions: 3->4(7)
[2023-08-12T19:48:38.043+0100][gc,heap       ] GC(8) Old regions: 14->14
[2023-08-12T19:48:38.043+0100][gc,heap       ] GC(8) Humongous regions: 138->138
[2023-08-12T19:48:38.044+0100][gc,metaspace  ] GC(8) Metaspace: 49146K(51452K)->49146K(51452K) NonClass: 43521K(44748K)->43521K(44748K) Class: 5625K(6704K)->5625K(6704K)
[2023-08-12T19:48:38.044+0100][gc            ] GC(8) Pause Young (Normal) (G1 Evacuation Pause) 201M->154M(1024M) 9.991ms
[2023-08-12T19:48:38.045+0100][gc,cpu        ] GC(8) User=0.03s Sys=0.01s Real=0.01s
[2023-08-12T19:50:05.045+0100][gc,heap,exit  ] Heap
[2023-08-12T19:50:05.045+0100][gc,heap,exit  ]  garbage-first heap   total 1048576K, used 182204K [0x00000000c0000000, 0x0000000100000000)
[2023-08-12T19:50:05.045+0100][gc,heap,exit  ]   region size 1024K, 29 young (29696K), 4 survivors (4096K)
[2023-08-12T19:50:05.046+0100][gc,heap,exit  ]  Metaspace       used 50829K, capacity 53369K, committed 53500K, reserved 1095680K
[2023-08-12T19:50:05.046+0100][gc,heap,exit  ]   class space    used 5962K, capacity 7147K, committed 7216K, reserved 1048576K
