[2023-08-14T10:30:45.366+0100][gc,heap] Heap region size: 1M
[2023-08-14T10:30:45.375+0100][gc     ] Using G1
[2023-08-14T10:30:45.376+0100][gc,heap,coops] Heap address: 0x00000000c0000000, size: 1024 MB, Compressed Oops mode: 32-bit
[2023-08-14T10:30:50.214+0100][gc,start     ] GC(0) Pause Young (Concurrent Start) (Metadata GC Threshold)
[2023-08-14T10:30:50.217+0100][gc,task      ] GC(0) Using 10 workers of 10 for evacuation
[2023-08-14T10:30:50.234+0100][gc,phases    ] GC(0)   Pre Evacuate Collection Set: 0.1ms
[2023-08-14T10:30:50.235+0100][gc,phases    ] GC(0)   Evacuate Collection Set: 14.6ms
[2023-08-14T10:30:50.236+0100][gc,phases    ] GC(0)   Post Evacuate Collection Set: 1.4ms
[2023-08-14T10:30:50.237+0100][gc,phases    ] GC(0)   Other: 4.5ms
[2023-08-14T10:30:50.238+0100][gc,heap      ] GC(0) Eden regions: 46->0(44)
[2023-08-14T10:30:50.238+0100][gc,heap      ] GC(0) Survivor regions: 0->7(7)
[2023-08-14T10:30:50.239+0100][gc,heap      ] GC(0) Old regions: 0->0
[2023-08-14T10:30:50.240+0100][gc,heap      ] GC(0) Humongous regions: 0->0
[2023-08-14T10:30:50.240+0100][gc,metaspace ] GC(0) Metaspace: 20716K(21296K)->20716K(21296K) NonClass: 18501K(18944K)->18501K(18944K) Class: 2215K(2352K)->2215K(2352K)
[2023-08-14T10:30:50.241+0100][gc           ] GC(0) Pause Young (Concurrent Start) (Metadata GC Threshold) 46M->6M(1024M) 27.386ms
[2023-08-14T10:30:50.242+0100][gc,cpu       ] GC(0) User=0.06s Sys=0.02s Real=0.03s
[2023-08-14T10:30:50.243+0100][gc           ] GC(1) Concurrent Cycle
[2023-08-14T10:30:50.243+0100][gc,marking   ] GC(1) Concurrent Clear Claimed Marks
[2023-08-14T10:30:50.244+0100][gc,marking   ] GC(1) Concurrent Clear Claimed Marks 0.624ms
[2023-08-14T10:30:50.244+0100][gc,marking   ] GC(1) Concurrent Scan Root Regions
[2023-08-14T10:30:50.247+0100][gc,marking   ] GC(1) Concurrent Scan Root Regions 2.827ms
[2023-08-14T10:30:50.248+0100][gc,marking   ] GC(1) Concurrent Mark (5.448s)
[2023-08-14T10:30:50.249+0100][gc,marking   ] GC(1) Concurrent Mark From Roots
[2023-08-14T10:30:50.249+0100][gc,task      ] GC(1) Using 3 workers of 3 for marking
[2023-08-14T10:30:50.250+0100][gc,marking   ] GC(1) Concurrent Mark From Roots 1.673ms
[2023-08-14T10:30:50.251+0100][gc,marking   ] GC(1) Concurrent Preclean
[2023-08-14T10:30:50.252+0100][gc,marking   ] GC(1) Concurrent Preclean 0.612ms
[2023-08-14T10:30:50.252+0100][gc,marking   ] GC(1) Concurrent Mark (5.448s, 5.453s) 4.272ms
[2023-08-14T10:30:50.253+0100][gc,start     ] GC(1) Pause Remark
[2023-08-14T10:30:50.256+0100][gc,stringtable] GC(1) Cleaned string and symbol table, strings: 7359 processed, 0 removed, symbols: 65283 processed, 31 removed
[2023-08-14T10:30:50.257+0100][gc            ] GC(1) Pause Remark 7M->7M(1024M) 3.875ms
[2023-08-14T10:30:50.258+0100][gc,cpu        ] GC(1) User=0.00s Sys=0.01s Real=0.01s
[2023-08-14T10:30:50.259+0100][gc,marking    ] GC(1) Concurrent Rebuild Remembered Sets
[2023-08-14T10:30:50.260+0100][gc,marking    ] GC(1) Concurrent Rebuild Remembered Sets 0.896ms
[2023-08-14T10:30:50.261+0100][gc,start      ] GC(1) Pause Cleanup
[2023-08-14T10:30:50.262+0100][gc            ] GC(1) Pause Cleanup 7M->7M(1024M) 1.146ms
[2023-08-14T10:30:50.262+0100][gc,cpu        ] GC(1) User=0.00s Sys=0.00s Real=0.00s
[2023-08-14T10:30:50.263+0100][gc,marking    ] GC(1) Concurrent Cleanup for Next Mark
[2023-08-14T10:30:50.265+0100][gc,marking    ] GC(1) Concurrent Cleanup for Next Mark 2.310ms
[2023-08-14T10:30:50.266+0100][gc            ] GC(1) Concurrent Cycle 23.447ms
[2023-08-14T10:30:52.560+0100][gc,start      ] GC(2) Pause Young (Normal) (G1 Evacuation Pause)
[2023-08-14T10:30:52.561+0100][gc,task       ] GC(2) Using 10 workers of 10 for evacuation
[2023-08-14T10:30:52.572+0100][gc,phases     ] GC(2)   Pre Evacuate Collection Set: 0.1ms
[2023-08-14T10:30:52.573+0100][gc,phases     ] GC(2)   Evacuate Collection Set: 9.9ms
[2023-08-14T10:30:52.573+0100][gc,phases     ] GC(2)   Post Evacuate Collection Set: 1.0ms
[2023-08-14T10:30:52.574+0100][gc,phases     ] GC(2)   Other: 1.3ms
[2023-08-14T10:30:52.575+0100][gc,heap       ] GC(2) Eden regions: 44->0(48)
[2023-08-14T10:30:52.575+0100][gc,heap       ] GC(2) Survivor regions: 7->3(7)
[2023-08-14T10:30:52.576+0100][gc,heap       ] GC(2) Old regions: 0->7
[2023-08-14T10:30:52.576+0100][gc,heap       ] GC(2) Humongous regions: 0->0
[2023-08-14T10:30:52.577+0100][gc,metaspace  ] GC(2) Metaspace: 28639K(29488K)->28639K(29488K) NonClass: 25569K(26112K)->25569K(26112K) Class: 3069K(3376K)->3069K(3376K)
[2023-08-14T10:30:52.577+0100][gc            ] GC(2) Pause Young (Normal) (G1 Evacuation Pause) 50M->9M(1024M) 17.228ms
[2023-08-14T10:30:52.578+0100][gc,cpu        ] GC(2) User=0.00s Sys=0.10s Real=0.02s
[2023-08-14T10:30:56.921+0100][gc,start      ] GC(3) Pause Young (Concurrent Start) (Metadata GC Threshold)
[2023-08-14T10:30:56.921+0100][gc,task       ] GC(3) Using 10 workers of 10 for evacuation
[2023-08-14T10:30:56.929+0100][gc,phases     ] GC(3)   Pre Evacuate Collection Set: 0.1ms
[2023-08-14T10:30:56.930+0100][gc,phases     ] GC(3)   Evacuate Collection Set: 5.9ms
[2023-08-14T10:30:56.931+0100][gc,phases     ] GC(3)   Post Evacuate Collection Set: 0.9ms
[2023-08-14T10:30:56.931+0100][gc,phases     ] GC(3)   Other: 1.5ms
[2023-08-14T10:30:56.932+0100][gc,heap       ] GC(3) Eden regions: 28->0(47)
[2023-08-14T10:30:56.932+0100][gc,heap       ] GC(3) Survivor regions: 3->4(7)
[2023-08-14T10:30:56.933+0100][gc,heap       ] GC(3) Old regions: 7->7
[2023-08-14T10:30:56.934+0100][gc,heap       ] GC(3) Humongous regions: 0->0
[2023-08-14T10:30:56.934+0100][gc,metaspace  ] GC(3) Metaspace: 34563K(35632K)->34563K(35632K) NonClass: 30838K(31488K)->30838K(31488K) Class: 3725K(4144K)->3725K(4144K)
[2023-08-14T10:30:56.935+0100][gc            ] GC(3) Pause Young (Concurrent Start) (Metadata GC Threshold) 36M->10M(1024M) 14.465ms
[2023-08-14T10:30:56.936+0100][gc,cpu        ] GC(3) User=0.02s Sys=0.00s Real=0.01s
[2023-08-14T10:30:56.937+0100][gc            ] GC(4) Concurrent Cycle
[2023-08-14T10:30:56.937+0100][gc,marking    ] GC(4) Concurrent Clear Claimed Marks
[2023-08-14T10:30:56.938+0100][gc,marking    ] GC(4) Concurrent Clear Claimed Marks 0.937ms
[2023-08-14T10:30:56.939+0100][gc,marking    ] GC(4) Concurrent Scan Root Regions
[2023-08-14T10:30:56.941+0100][gc,marking    ] GC(4) Concurrent Scan Root Regions 2.255ms
[2023-08-14T10:30:56.941+0100][gc,marking    ] GC(4) Concurrent Mark (12.142s)
[2023-08-14T10:30:56.942+0100][gc,marking    ] GC(4) Concurrent Mark From Roots
[2023-08-14T10:30:56.943+0100][gc,task       ] GC(4) Using 3 workers of 3 for marking
[2023-08-14T10:30:56.948+0100][gc,marking    ] GC(4) Concurrent Mark From Roots 5.293ms
[2023-08-14T10:30:56.948+0100][gc,marking    ] GC(4) Concurrent Preclean
[2023-08-14T10:30:56.949+0100][gc,marking    ] GC(4) Concurrent Preclean 0.569ms
[2023-08-14T10:30:56.949+0100][gc,marking    ] GC(4) Concurrent Mark (12.142s, 12.150s) 7.766ms
[2023-08-14T10:30:56.950+0100][gc,start      ] GC(4) Pause Remark
[2023-08-14T10:30:56.953+0100][gc,stringtable] GC(4) Cleaned string and symbol table, strings: 11505 processed, 11 removed, symbols: 97826 processed, 24 removed
[2023-08-14T10:30:56.955+0100][gc            ] GC(4) Pause Remark 11M->11M(1024M) 4.478ms
[2023-08-14T10:30:56.955+0100][gc,cpu        ] GC(4) User=0.02s Sys=0.00s Real=0.00s
[2023-08-14T10:30:56.956+0100][gc,marking    ] GC(4) Concurrent Rebuild Remembered Sets
[2023-08-14T10:30:56.959+0100][gc,marking    ] GC(4) Concurrent Rebuild Remembered Sets 2.971ms
[2023-08-14T10:30:56.960+0100][gc,start      ] GC(4) Pause Cleanup
[2023-08-14T10:30:56.961+0100][gc            ] GC(4) Pause Cleanup 11M->11M(1024M) 0.995ms
[2023-08-14T10:30:56.962+0100][gc,cpu        ] GC(4) User=0.00s Sys=0.00s Real=0.00s
[2023-08-14T10:30:56.962+0100][gc,marking    ] GC(4) Concurrent Cleanup for Next Mark
[2023-08-14T10:30:56.965+0100][gc,marking    ] GC(4) Concurrent Cleanup for Next Mark 2.562ms
[2023-08-14T10:30:56.966+0100][gc            ] GC(4) Concurrent Cycle 29.167ms
[2023-08-14T10:30:58.531+0100][gc,start      ] GC(5) Pause Young (Normal) (G1 Evacuation Pause)
[2023-08-14T10:30:58.531+0100][gc,task       ] GC(5) Using 10 workers of 10 for evacuation
[2023-08-14T10:30:58.553+0100][gc,mmu        ] GC(5) MMU target violated: 21.0ms (20.0ms/21.0ms)
[2023-08-14T10:30:58.554+0100][gc,phases     ] GC(5)   Pre Evacuate Collection Set: 0.1ms
[2023-08-14T10:30:58.555+0100][gc,phases     ] GC(5)   Evacuate Collection Set: 19.4ms
[2023-08-14T10:30:58.555+0100][gc,phases     ] GC(5)   Post Evacuate Collection Set: 1.5ms
[2023-08-14T10:30:58.556+0100][gc,phases     ] GC(5)   Other: 2.7ms
[2023-08-14T10:30:58.557+0100][gc,heap       ] GC(5) Eden regions: 47->0(44)
[2023-08-14T10:30:58.558+0100][gc,heap       ] GC(5) Survivor regions: 4->7(7)
[2023-08-14T10:30:58.558+0100][gc,heap       ] GC(5) Old regions: 7->7
[2023-08-14T10:30:58.559+0100][gc,heap       ] GC(5) Humongous regions: 9->9
[2023-08-14T10:30:58.560+0100][gc,metaspace  ] GC(5) Metaspace: 41130K(42672K)->41130K(42672K) NonClass: 36721K(37632K)->36721K(37632K) Class: 4409K(5040K)->4409K(5040K)
[2023-08-14T10:30:58.560+0100][gc            ] GC(5) Pause Young (Normal) (G1 Evacuation Pause) 65M->22M(1024M) 29.546ms
[2023-08-14T10:30:58.561+0100][gc,cpu        ] GC(5) User=0.15s Sys=0.07s Real=0.03s
[2023-08-14T10:39:06.431+0100][gc,start      ] GC(6) Pause Young (Normal) (G1 Evacuation Pause)
[2023-08-14T10:39:06.432+0100][gc,task       ] GC(6) Using 10 workers of 10 for evacuation
[2023-08-14T10:39:06.442+0100][gc,phases     ] GC(6)   Pre Evacuate Collection Set: 0.5ms
[2023-08-14T10:39:06.442+0100][gc,phases     ] GC(6)   Evacuate Collection Set: 7.2ms
[2023-08-14T10:39:06.443+0100][gc,phases     ] GC(6)   Post Evacuate Collection Set: 1.1ms
[2023-08-14T10:39:06.444+0100][gc,phases     ] GC(6)   Other: 1.6ms
[2023-08-14T10:39:06.444+0100][gc,heap       ] GC(6) Eden regions: 44->0(45)
[2023-08-14T10:39:06.445+0100][gc,heap       ] GC(6) Survivor regions: 7->6(7)
[2023-08-14T10:39:06.446+0100][gc,heap       ] GC(6) Old regions: 7->10
[2023-08-14T10:39:06.446+0100][gc,heap       ] GC(6) Humongous regions: 138->138
[2023-08-14T10:39:06.447+0100][gc,metaspace  ] GC(6) Metaspace: 45429K(47152K)->45429K(47152K) NonClass: 40550K(41472K)->40550K(41472K) Class: 4879K(5680K)->4879K(5680K)
[2023-08-14T10:39:06.447+0100][gc            ] GC(6) Pause Young (Normal) (G1 Evacuation Pause) 195M->152M(1024M) 16.078ms
[2023-08-14T10:39:06.448+0100][gc,cpu        ] GC(6) User=0.06s Sys=0.01s Real=0.02s
[2023-08-14T10:59:08.387+0100][gc,start      ] GC(7) Pause Young (Normal) (G1 Evacuation Pause)
[2023-08-14T10:59:08.388+0100][gc,task       ] GC(7) Using 10 workers of 10 for evacuation
[2023-08-14T10:59:08.412+0100][gc,mmu        ] GC(7) MMU target violated: 21.0ms (20.0ms/21.0ms)
[2023-08-14T10:59:08.413+0100][gc,phases     ] GC(7)   Pre Evacuate Collection Set: 0.6ms
[2023-08-14T10:59:08.414+0100][gc,phases     ] GC(7)   Evacuate Collection Set: 21.7ms
[2023-08-14T10:59:08.415+0100][gc,phases     ] GC(7)   Post Evacuate Collection Set: 1.1ms
[2023-08-14T10:59:08.416+0100][gc,phases     ] GC(7)   Other: 2.6ms
[2023-08-14T10:59:08.416+0100][gc,heap       ] GC(7) Eden regions: 45->0(48)
[2023-08-14T10:59:08.417+0100][gc,heap       ] GC(7) Survivor regions: 6->3(7)
[2023-08-14T10:59:08.418+0100][gc,heap       ] GC(7) Old regions: 10->13
[2023-08-14T10:59:08.419+0100][gc,heap       ] GC(7) Humongous regions: 138->138
[2023-08-14T10:59:08.419+0100][gc,metaspace  ] GC(7) Metaspace: 45796K(47664K)->45796K(47664K) NonClass: 40916K(41984K)->40916K(41984K) Class: 4879K(5680K)->4879K(5680K)
[2023-08-14T10:59:08.420+0100][gc            ] GC(7) Pause Young (Normal) (G1 Evacuation Pause) 197M->153M(1024M) 32.544ms
[2023-08-14T10:59:08.420+0100][gc,cpu        ] GC(7) User=0.19s Sys=0.04s Real=0.03s
[2023-08-14T11:06:56.231+0100][gc,heap,exit  ] Heap
[2023-08-14T11:06:56.231+0100][gc,heap,exit  ]  garbage-first heap   total 1048576K, used 183829K [0x00000000c0000000, 0x0000000100000000)
[2023-08-14T11:06:56.232+0100][gc,heap,exit  ]   region size 1024K, 31 young (31744K), 3 survivors (3072K)
[2023-08-14T11:06:56.232+0100][gc,heap,exit  ]  Metaspace       used 46658K, capacity 48367K, committed 48688K, reserved 1091584K
[2023-08-14T11:06:56.232+0100][gc,heap,exit  ]   class space    used 5084K, capacity 5842K, committed 5936K, reserved 1048576K
