[2023-08-12T16:48:23.163+0100][gc,heap] Heap region size: 1M
[2023-08-12T16:48:23.171+0100][gc     ] Using G1
[2023-08-12T16:48:23.172+0100][gc,heap,coops] Heap address: 0x00000000c0000000, size: 1024 MB, Compressed Oops mode: 32-bit
[2023-08-12T16:48:27.415+0100][gc,start     ] GC(0) Pause Young (Concurrent Start) (Metadata GC Threshold)
[2023-08-12T16:48:27.418+0100][gc,task      ] GC(0) Using 10 workers of 10 for evacuation
[2023-08-12T16:48:27.435+0100][gc,phases    ] GC(0)   Pre Evacuate Collection Set: 0.1ms
[2023-08-12T16:48:27.437+0100][gc,phases    ] GC(0)   Evacuate Collection Set: 14.0ms
[2023-08-12T16:48:27.438+0100][gc,phases    ] GC(0)   Post Evacuate Collection Set: 1.6ms
[2023-08-12T16:48:27.439+0100][gc,phases    ] GC(0)   Other: 4.5ms
[2023-08-12T16:48:27.440+0100][gc,heap      ] GC(0) Eden regions: 46->0(44)
[2023-08-12T16:48:27.441+0100][gc,heap      ] GC(0) Survivor regions: 0->7(7)
[2023-08-12T16:48:27.442+0100][gc,heap      ] GC(0) Old regions: 0->0
[2023-08-12T16:48:27.443+0100][gc,heap      ] GC(0) Humongous regions: 0->0
[2023-08-12T16:48:27.444+0100][gc,metaspace ] GC(0) Metaspace: 20740K(21296K)->20740K(21296K) NonClass: 18524K(18944K)->18524K(18944K) Class: 2215K(2352K)->2215K(2352K)
[2023-08-12T16:48:27.445+0100][gc           ] GC(0) Pause Young (Concurrent Start) (Metadata GC Threshold) 46M->6M(1024M) 29.483ms
[2023-08-12T16:48:27.446+0100][gc,cpu       ] GC(0) User=0.00s Sys=0.09s Real=0.03s
[2023-08-12T16:48:27.447+0100][gc           ] GC(1) Concurrent Cycle
[2023-08-12T16:48:27.447+0100][gc,marking   ] GC(1) Concurrent Clear Claimed Marks
[2023-08-12T16:48:27.448+0100][gc,marking   ] GC(1) Concurrent Clear Claimed Marks 1.019ms
[2023-08-12T16:48:27.449+0100][gc,marking   ] GC(1) Concurrent Scan Root Regions
[2023-08-12T16:48:27.453+0100][gc,marking   ] GC(1) Concurrent Scan Root Regions 3.462ms
[2023-08-12T16:48:27.454+0100][gc,marking   ] GC(1) Concurrent Mark (4.588s)
[2023-08-12T16:48:27.454+0100][gc,marking   ] GC(1) Concurrent Mark From Roots
[2023-08-12T16:48:27.455+0100][gc,task      ] GC(1) Using 3 workers of 3 for marking
[2023-08-12T16:48:27.457+0100][gc,marking   ] GC(1) Concurrent Mark From Roots 2.066ms
[2023-08-12T16:48:27.457+0100][gc,marking   ] GC(1) Concurrent Preclean
[2023-08-12T16:48:27.458+0100][gc,marking   ] GC(1) Concurrent Preclean 0.780ms
[2023-08-12T16:48:27.459+0100][gc,marking   ] GC(1) Concurrent Mark (4.588s, 4.593s) 4.994ms
[2023-08-12T16:48:27.460+0100][gc,start     ] GC(1) Pause Remark
[2023-08-12T16:48:27.463+0100][gc,stringtable] GC(1) Cleaned string and symbol table, strings: 7370 processed, 0 removed, symbols: 65287 processed, 31 removed
[2023-08-12T16:48:27.465+0100][gc            ] GC(1) Pause Remark 7M->7M(1024M) 4.387ms
[2023-08-12T16:48:27.465+0100][gc,cpu        ] GC(1) User=0.02s Sys=0.00s Real=0.01s
[2023-08-12T16:48:27.466+0100][gc,marking    ] GC(1) Concurrent Rebuild Remembered Sets
[2023-08-12T16:48:27.467+0100][gc,marking    ] GC(1) Concurrent Rebuild Remembered Sets 1.294ms
[2023-08-12T16:48:27.469+0100][gc,start      ] GC(1) Pause Cleanup
[2023-08-12T16:48:27.470+0100][gc            ] GC(1) Pause Cleanup 7M->7M(1024M) 1.394ms
[2023-08-12T16:48:27.471+0100][gc,cpu        ] GC(1) User=0.00s Sys=0.00s Real=0.00s
[2023-08-12T16:48:27.472+0100][gc,marking    ] GC(1) Concurrent Cleanup for Next Mark
[2023-08-12T16:48:27.476+0100][gc,marking    ] GC(1) Concurrent Cleanup for Next Mark 3.276ms
[2023-08-12T16:48:27.477+0100][gc            ] GC(1) Concurrent Cycle 30.011ms
[2023-08-12T16:48:29.199+0100][gc,start      ] GC(2) Pause Young (Normal) (G1 Evacuation Pause)
[2023-08-12T16:48:29.200+0100][gc,task       ] GC(2) Using 10 workers of 10 for evacuation
[2023-08-12T16:48:29.214+0100][gc,phases     ] GC(2)   Pre Evacuate Collection Set: 0.1ms
[2023-08-12T16:48:29.214+0100][gc,phases     ] GC(2)   Evacuate Collection Set: 11.1ms
[2023-08-12T16:48:29.215+0100][gc,phases     ] GC(2)   Post Evacuate Collection Set: 1.3ms
[2023-08-12T16:48:29.216+0100][gc,phases     ] GC(2)   Other: 1.9ms
[2023-08-12T16:48:29.216+0100][gc,heap       ] GC(2) Eden regions: 44->0(48)
[2023-08-12T16:48:29.217+0100][gc,heap       ] GC(2) Survivor regions: 7->3(7)
[2023-08-12T16:48:29.218+0100][gc,heap       ] GC(2) Old regions: 0->7
[2023-08-12T16:48:29.218+0100][gc,heap       ] GC(2) Humongous regions: 0->0
[2023-08-12T16:48:29.219+0100][gc,metaspace  ] GC(2) Metaspace: 28625K(29436K)->28625K(29436K) NonClass: 25555K(26060K)->25555K(26060K) Class: 3070K(3376K)->3070K(3376K)
[2023-08-12T16:48:29.220+0100][gc            ] GC(2) Pause Young (Normal) (G1 Evacuation Pause) 50M->9M(1024M) 20.587ms
[2023-08-12T16:48:29.220+0100][gc,cpu        ] GC(2) User=0.05s Sys=0.06s Real=0.02s
[2023-08-12T16:48:30.531+0100][gc,start      ] GC(3) Pause Young (Concurrent Start) (Metadata GC Threshold)
[2023-08-12T16:48:30.532+0100][gc,task       ] GC(3) Using 10 workers of 10 for evacuation
[2023-08-12T16:48:30.539+0100][gc,phases     ] GC(3)   Pre Evacuate Collection Set: 0.1ms
[2023-08-12T16:48:30.540+0100][gc,phases     ] GC(3)   Evacuate Collection Set: 5.1ms
[2023-08-12T16:48:30.540+0100][gc,phases     ] GC(3)   Post Evacuate Collection Set: 1.1ms
[2023-08-12T16:48:30.541+0100][gc,phases     ] GC(3)   Other: 1.8ms
[2023-08-12T16:48:30.542+0100][gc,heap       ] GC(3) Eden regions: 29->0(47)
[2023-08-12T16:48:30.543+0100][gc,heap       ] GC(3) Survivor regions: 3->4(7)
[2023-08-12T16:48:30.543+0100][gc,heap       ] GC(3) Old regions: 7->7
[2023-08-12T16:48:30.544+0100][gc,heap       ] GC(3) Humongous regions: 0->0
[2023-08-12T16:48:30.545+0100][gc,metaspace  ] GC(3) Metaspace: 34883K(35964K)->34883K(35964K) NonClass: 31099K(31692K)->31099K(31692K) Class: 3784K(4272K)->3784K(4272K)
[2023-08-12T16:48:30.545+0100][gc            ] GC(3) Pause Young (Concurrent Start) (Metadata GC Threshold) 38M->10M(1024M) 14.165ms
[2023-08-12T16:48:30.546+0100][gc,cpu        ] GC(3) User=0.02s Sys=0.00s Real=0.02s
[2023-08-12T16:48:30.547+0100][gc            ] GC(4) Concurrent Cycle
[2023-08-12T16:48:30.547+0100][gc,marking    ] GC(4) Concurrent Clear Claimed Marks
[2023-08-12T16:48:30.549+0100][gc,marking    ] GC(4) Concurrent Clear Claimed Marks 1.173ms
[2023-08-12T16:48:30.550+0100][gc,marking    ] GC(4) Concurrent Scan Root Regions
[2023-08-12T16:48:30.552+0100][gc,marking    ] GC(4) Concurrent Scan Root Regions 2.122ms
[2023-08-12T16:48:30.553+0100][gc,marking    ] GC(4) Concurrent Mark (7.687s)
[2023-08-12T16:48:30.553+0100][gc,marking    ] GC(4) Concurrent Mark From Roots
[2023-08-12T16:48:30.554+0100][gc,task       ] GC(4) Using 3 workers of 3 for marking
[2023-08-12T16:48:30.559+0100][gc,marking    ] GC(4) Concurrent Mark From Roots 5.537ms
[2023-08-12T16:48:30.559+0100][gc,marking    ] GC(4) Concurrent Preclean
[2023-08-12T16:48:30.560+0100][gc,marking    ] GC(4) Concurrent Preclean 0.841ms
[2023-08-12T16:48:30.561+0100][gc,marking    ] GC(4) Concurrent Mark (7.687s, 7.695s) 8.379ms
[2023-08-12T16:48:30.563+0100][gc,start      ] GC(4) Pause Remark
[2023-08-12T16:48:30.566+0100][gc,stringtable] GC(4) Cleaned string and symbol table, strings: 11539 processed, 11 removed, symbols: 99251 processed, 21 removed
[2023-08-12T16:48:30.568+0100][gc            ] GC(4) Pause Remark 10M->10M(1024M) 5.046ms
[2023-08-12T16:48:30.569+0100][gc,cpu        ] GC(4) User=0.02s Sys=0.01s Real=0.00s
[2023-08-12T16:48:30.570+0100][gc,marking    ] GC(4) Concurrent Rebuild Remembered Sets
[2023-08-12T16:48:30.574+0100][gc,marking    ] GC(4) Concurrent Rebuild Remembered Sets 3.914ms
[2023-08-12T16:48:30.575+0100][gc,start      ] GC(4) Pause Cleanup
[2023-08-12T16:48:30.576+0100][gc            ] GC(4) Pause Cleanup 11M->11M(1024M) 1.091ms
[2023-08-12T16:48:30.577+0100][gc,cpu        ] GC(4) User=0.00s Sys=0.00s Real=0.00s
[2023-08-12T16:48:30.578+0100][gc,marking    ] GC(4) Concurrent Cleanup for Next Mark
[2023-08-12T16:48:30.585+0100][gc,marking    ] GC(4) Concurrent Cleanup for Next Mark 7.579ms
[2023-08-12T16:48:30.586+0100][gc            ] GC(4) Concurrent Cycle 39.695ms
[2023-08-12T16:48:32.266+0100][gc,start      ] GC(5) Pause Young (Normal) (G1 Evacuation Pause)
[2023-08-12T16:48:32.267+0100][gc,task       ] GC(5) Using 10 workers of 10 for evacuation
[2023-08-12T16:48:32.280+0100][gc,phases     ] GC(5)   Pre Evacuate Collection Set: 0.0ms
[2023-08-12T16:48:32.281+0100][gc,phases     ] GC(5)   Evacuate Collection Set: 10.3ms
[2023-08-12T16:48:32.282+0100][gc,phases     ] GC(5)   Post Evacuate Collection Set: 1.7ms
[2023-08-12T16:48:32.283+0100][gc,phases     ] GC(5)   Other: 2.5ms
[2023-08-12T16:48:32.284+0100][gc,heap       ] GC(5) Eden regions: 47->0(44)
[2023-08-12T16:48:32.285+0100][gc,heap       ] GC(5) Survivor regions: 4->7(7)
[2023-08-12T16:48:32.286+0100][gc,heap       ] GC(5) Old regions: 7->7
[2023-08-12T16:48:32.287+0100][gc,heap       ] GC(5) Humongous regions: 9->9
[2023-08-12T16:48:32.288+0100][gc,metaspace  ] GC(5) Metaspace: 41884K(43260K)->41884K(43260K) NonClass: 37376K(38092K)->37376K(38092K) Class: 4507K(5168K)->4507K(5168K)
[2023-08-12T16:48:32.289+0100][gc            ] GC(5) Pause Young (Normal) (G1 Evacuation Pause) 66M->22M(1024M) 23.099ms
[2023-08-12T16:48:32.290+0100][gc,cpu        ] GC(5) User=0.03s Sys=0.06s Real=0.02s
