[2023-08-16T10:27:26.725+0100][gc,heap] Heap region size: 1M
[2023-08-16T10:27:26.739+0100][gc     ] Using G1
[2023-08-16T10:27:26.740+0100][gc,heap,coops] Heap address: 0x00000000c0000000, size: 1024 MB, Compressed Oops mode: 32-bit
[2023-08-16T10:27:26.741+0100][gc,cds       ] Mark closed archive regions in map: [0x00000000fff00000, 0x00000000fff6bff8]
[2023-08-16T10:27:26.741+0100][gc,cds       ] Mark open archive regions in map: [0x00000000ffe00000, 0x00000000ffe47ff8]
[2023-08-16T10:27:31.530+0100][gc,start     ] GC(0) Pause Young (Normal) (G1 Evacuation Pause)
[2023-08-16T10:27:31.532+0100][gc,task      ] GC(0) Using 10 workers of 10 for evacuation
[2023-08-16T10:27:31.550+0100][gc,phases    ] GC(0)   Pre Evacuate Collection Set: 0.0ms
[2023-08-16T10:27:31.550+0100][gc,phases    ] GC(0)   Evacuate Collection Set: 15.5ms
[2023-08-16T10:27:31.551+0100][gc,phases    ] GC(0)   Post Evacuate Collection Set: 1.2ms
[2023-08-16T10:27:31.552+0100][gc,phases    ] GC(0)   Other: 3.3ms
[2023-08-16T10:27:31.552+0100][gc,heap      ] GC(0) Eden regions: 51->0(44)
[2023-08-16T10:27:31.553+0100][gc,heap      ] GC(0) Survivor regions: 0->7(7)
[2023-08-16T10:27:31.553+0100][gc,heap      ] GC(0) Old regions: 2->2
[2023-08-16T10:27:31.554+0100][gc,heap      ] GC(0) Humongous regions: 0->0
[2023-08-16T10:27:31.554+0100][gc,metaspace ] GC(0) Metaspace: 14245K(14848K)->14245K(14848K) NonClass: 12475K(12800K)->12475K(12800K) Class: 1770K(2048K)->1770K(2048K)
[2023-08-16T10:27:31.555+0100][gc           ] GC(0) Pause Young (Normal) (G1 Evacuation Pause) 51M->7M(1024M) 25.524ms
[2023-08-16T10:27:31.556+0100][gc,cpu       ] GC(0) User=0.12s Sys=0.04s Real=0.03s
[2023-08-16T10:27:32.632+0100][gc,start     ] GC(1) Pause Young (Concurrent Start) (Metadata GC Threshold)
[2023-08-16T10:27:32.632+0100][gc,task      ] GC(1) Using 10 workers of 10 for evacuation
[2023-08-16T10:27:32.651+0100][gc,phases    ] GC(1)   Pre Evacuate Collection Set: 0.1ms
[2023-08-16T10:27:32.652+0100][gc,phases    ] GC(1)   Evacuate Collection Set: 16.9ms
[2023-08-16T10:27:32.652+0100][gc,phases    ] GC(1)   Post Evacuate Collection Set: 0.9ms
[2023-08-16T10:27:32.653+0100][gc,phases    ] GC(1)   Other: 1.3ms
[2023-08-16T10:27:32.654+0100][gc,heap      ] GC(1) Eden regions: 33->0(49)
[2023-08-16T10:27:32.654+0100][gc,heap      ] GC(1) Survivor regions: 7->2(7)
[2023-08-16T10:27:32.655+0100][gc,heap      ] GC(1) Old regions: 2->9
[2023-08-16T10:27:32.655+0100][gc,heap      ] GC(1) Humongous regions: 0->0
[2023-08-16T10:27:32.656+0100][gc,metaspace ] GC(1) Metaspace: 20491K(21248K)->20491K(21248K) NonClass: 18233K(18688K)->18233K(18688K) Class: 2257K(2560K)->2257K(2560K)
[2023-08-16T10:27:32.656+0100][gc           ] GC(1) Pause Young (Concurrent Start) (Metadata GC Threshold) 40M->8M(1024M) 24.665ms
[2023-08-16T10:27:32.657+0100][gc,cpu       ] GC(1) User=0.12s Sys=0.00s Real=0.02s
[2023-08-16T10:27:32.658+0100][gc           ] GC(2) Concurrent Cycle
[2023-08-16T10:27:32.658+0100][gc,marking   ] GC(2) Concurrent Clear Claimed Marks
[2023-08-16T10:27:32.659+0100][gc,marking   ] GC(2) Concurrent Clear Claimed Marks 0.612ms
[2023-08-16T10:27:32.660+0100][gc,marking   ] GC(2) Concurrent Scan Root Regions
[2023-08-16T10:27:32.661+0100][gc,marking   ] GC(2) Concurrent Scan Root Regions 1.837ms
[2023-08-16T10:27:32.662+0100][gc,marking   ] GC(2) Concurrent Mark (6.228s)
[2023-08-16T10:27:32.663+0100][gc,marking   ] GC(2) Concurrent Mark From Roots
[2023-08-16T10:27:32.663+0100][gc,task      ] GC(2) Using 3 workers of 3 for marking
[2023-08-16T10:27:32.668+0100][gc,marking   ] GC(2) Concurrent Mark From Roots 5.784ms
[2023-08-16T10:27:32.669+0100][gc,marking   ] GC(2) Concurrent Preclean
[2023-08-16T10:27:32.670+0100][gc,marking   ] GC(2) Concurrent Preclean 0.690ms
[2023-08-16T10:27:32.670+0100][gc,marking   ] GC(2) Concurrent Mark (6.228s, 6.236s) 8.182ms
[2023-08-16T10:27:32.671+0100][gc,start     ] GC(2) Pause Remark
[2023-08-16T10:27:32.673+0100][gc,stringtable] GC(2) Cleaned string and symbol table, strings: 5750 processed, 0 removed, symbols: 47154 processed, 36 removed
[2023-08-16T10:27:32.675+0100][gc            ] GC(2) Pause Remark 9M->9M(1024M) 3.592ms
[2023-08-16T10:27:32.675+0100][gc,cpu        ] GC(2) User=0.01s Sys=0.00s Real=0.01s
[2023-08-16T10:27:32.676+0100][gc,marking    ] GC(2) Concurrent Rebuild Remembered Sets
[2023-08-16T10:27:32.679+0100][gc,marking    ] GC(2) Concurrent Rebuild Remembered Sets 3.212ms
[2023-08-16T10:27:32.680+0100][gc,start      ] GC(2) Pause Cleanup
[2023-08-16T10:27:32.681+0100][gc            ] GC(2) Pause Cleanup 9M->9M(1024M) 0.935ms
[2023-08-16T10:27:32.682+0100][gc,cpu        ] GC(2) User=0.00s Sys=0.00s Real=0.01s
[2023-08-16T10:27:32.683+0100][gc,marking    ] GC(2) Concurrent Cleanup for Next Mark
[2023-08-16T10:27:32.685+0100][gc,marking    ] GC(2) Concurrent Cleanup for Next Mark 2.431ms
[2023-08-16T10:27:32.686+0100][gc            ] GC(2) Concurrent Cycle 27.745ms
[2023-08-16T10:27:46.636+0100][gc,start      ] GC(3) Pause Young (Normal) (G1 Evacuation Pause)
[2023-08-16T10:27:46.637+0100][gc,task       ] GC(3) Using 10 workers of 10 for evacuation
[2023-08-16T10:27:46.644+0100][gc,phases     ] GC(3)   Pre Evacuate Collection Set: 0.1ms
[2023-08-16T10:27:46.644+0100][gc,phases     ] GC(3)   Evacuate Collection Set: 5.2ms
[2023-08-16T10:27:46.645+0100][gc,phases     ] GC(3)   Post Evacuate Collection Set: 1.1ms
[2023-08-16T10:27:46.646+0100][gc,phases     ] GC(3)   Other: 1.5ms
[2023-08-16T10:27:46.646+0100][gc,heap       ] GC(3) Eden regions: 49->0(47)
[2023-08-16T10:27:46.647+0100][gc,heap       ] GC(3) Survivor regions: 2->4(7)
[2023-08-16T10:27:46.647+0100][gc,heap       ] GC(3) Old regions: 9->9
[2023-08-16T10:27:46.648+0100][gc,heap       ] GC(3) Humongous regions: 10->10
[2023-08-16T10:27:46.649+0100][gc,metaspace  ] GC(3) Metaspace: 29216K(30464K)->29216K(30464K) NonClass: 25847K(26624K)->25847K(26624K) Class: 3369K(3840K)->3369K(3840K)
[2023-08-16T10:27:46.649+0100][gc            ] GC(3) Pause Young (Normal) (G1 Evacuation Pause) 67M->20M(1024M) 13.201ms
[2023-08-16T10:27:46.650+0100][gc,cpu        ] GC(3) User=0.07s Sys=0.00s Real=0.01s
[2023-08-16T10:27:47.498+0100][gc,start      ] GC(4) Pause Young (Normal) (G1 Evacuation Pause)
[2023-08-16T10:27:47.498+0100][gc,task       ] GC(4) Using 10 workers of 10 for evacuation
[2023-08-16T10:27:47.509+0100][gc,phases     ] GC(4)   Pre Evacuate Collection Set: 0.1ms
[2023-08-16T10:27:47.509+0100][gc,phases     ] GC(4)   Evacuate Collection Set: 7.1ms
[2023-08-16T10:27:47.510+0100][gc,phases     ] GC(4)   Post Evacuate Collection Set: 2.3ms
[2023-08-16T10:27:47.510+0100][gc,phases     ] GC(4)   Other: 1.6ms
[2023-08-16T10:27:47.511+0100][gc,heap       ] GC(4) Eden regions: 47->0(45)
[2023-08-16T10:27:47.512+0100][gc,heap       ] GC(4) Survivor regions: 4->6(7)
[2023-08-16T10:27:47.512+0100][gc,heap       ] GC(4) Old regions: 9->9
[2023-08-16T10:27:47.513+0100][gc,heap       ] GC(4) Humongous regions: 11->9
[2023-08-16T10:27:47.514+0100][gc,metaspace  ] GC(4) Metaspace: 32657K(33920K)->32657K(33920K) NonClass: 28997K(29696K)->28997K(29696K) Class: 3660K(4224K)->3660K(4224K)
[2023-08-16T10:27:47.514+0100][gc            ] GC(4) Pause Young (Normal) (G1 Evacuation Pause) 68M->22M(1024M) 16.942ms
[2023-08-16T10:27:47.515+0100][gc,cpu        ] GC(4) User=0.11s Sys=0.00s Real=0.02s
[2023-08-16T10:27:47.830+0100][gc,start      ] GC(5) Pause Young (Concurrent Start) (Metadata GC Threshold)
[2023-08-16T10:27:47.831+0100][gc,task       ] GC(5) Using 10 workers of 10 for evacuation
[2023-08-16T10:27:47.850+0100][gc,phases     ] GC(5)   Pre Evacuate Collection Set: 0.2ms
[2023-08-16T10:27:47.854+0100][gc,phases     ] GC(5)   Evacuate Collection Set: 17.0ms
[2023-08-16T10:27:47.858+0100][gc,phases     ] GC(5)   Post Evacuate Collection Set: 1.0ms
[2023-08-16T10:27:47.861+0100][gc,phases     ] GC(5)   Other: 1.7ms
[2023-08-16T10:27:47.862+0100][gc,heap       ] GC(5) Eden regions: 11->0(47)
[2023-08-16T10:27:47.864+0100][gc,heap       ] GC(5) Survivor regions: 6->4(7)
[2023-08-16T10:27:47.867+0100][gc,heap       ] GC(5) Old regions: 9->12
[2023-08-16T10:27:47.868+0100][gc,heap       ] GC(5) Humongous regions: 9->9
[2023-08-16T10:27:47.870+0100][gc,metaspace  ] GC(5) Metaspace: 34345K(35840K)->34345K(35840K) NonClass: 30534K(31488K)->30534K(31488K) Class: 3811K(4352K)->3811K(4352K)
[2023-08-16T10:27:47.871+0100][gc            ] GC(5) Pause Young (Concurrent Start) (Metadata GC Threshold) 32M->22M(1024M) 40.496ms
[2023-08-16T10:27:47.872+0100][gc,cpu        ] GC(5) User=0.22s Sys=0.02s Real=0.05s
[2023-08-16T10:27:47.873+0100][gc            ] GC(6) Concurrent Cycle
[2023-08-16T10:27:47.876+0100][gc,marking    ] GC(6) Concurrent Clear Claimed Marks
[2023-08-16T10:27:47.878+0100][gc,marking    ] GC(6) Concurrent Clear Claimed Marks 2.363ms
[2023-08-16T10:27:47.879+0100][gc,marking    ] GC(6) Concurrent Scan Root Regions
[2023-08-16T10:27:47.881+0100][gc,marking    ] GC(6) Concurrent Scan Root Regions 2.287ms
[2023-08-16T10:27:47.882+0100][gc,marking    ] GC(6) Concurrent Mark (21.448s)
[2023-08-16T10:27:47.883+0100][gc,marking    ] GC(6) Concurrent Mark From Roots
[2023-08-16T10:27:47.883+0100][gc,task       ] GC(6) Using 3 workers of 3 for marking
[2023-08-16T10:27:47.897+0100][gc,marking    ] GC(6) Concurrent Mark From Roots 14.015ms
[2023-08-16T10:27:47.897+0100][gc,marking    ] GC(6) Concurrent Preclean
[2023-08-16T10:27:47.898+0100][gc,marking    ] GC(6) Concurrent Preclean 0.733ms
[2023-08-16T10:27:47.899+0100][gc,marking    ] GC(6) Concurrent Mark (21.448s, 21.465s) 16.683ms
[2023-08-16T10:27:47.900+0100][gc,start      ] GC(6) Pause Remark
[2023-08-16T10:27:47.905+0100][gc,stringtable] GC(6) Cleaned string and symbol table, strings: 9164 processed, 13 removed, symbols: 84681 processed, 26 removed
[2023-08-16T10:27:47.907+0100][gc            ] GC(6) Pause Remark 23M->23M(1024M) 7.041ms
[2023-08-16T10:27:47.907+0100][gc,cpu        ] GC(6) User=0.07s Sys=0.00s Real=0.01s
[2023-08-16T10:27:47.908+0100][gc,marking    ] GC(6) Concurrent Rebuild Remembered Sets
[2023-08-16T10:27:47.916+0100][gc,marking    ] GC(6) Concurrent Rebuild Remembered Sets 7.864ms
[2023-08-16T10:27:47.917+0100][gc,start      ] GC(6) Pause Cleanup
[2023-08-16T10:27:47.919+0100][gc            ] GC(6) Pause Cleanup 23M->23M(1024M) 1.092ms
[2023-08-16T10:27:47.919+0100][gc,cpu        ] GC(6) User=0.00s Sys=0.00s Real=0.00s
[2023-08-16T10:27:47.920+0100][gc,marking    ] GC(6) Concurrent Cleanup for Next Mark
[2023-08-16T10:27:47.930+0100][gc,marking    ] GC(6) Concurrent Cleanup for Next Mark 10.251ms
[2023-08-16T10:27:47.931+0100][gc            ] GC(6) Concurrent Cycle 58.183ms
[2023-08-16T10:38:36.769+0100][gc,start      ] GC(7) Pause Young (Normal) (G1 Evacuation Pause)
[2023-08-16T10:38:36.770+0100][gc,task       ] GC(7) Using 10 workers of 10 for evacuation
[2023-08-16T10:38:36.777+0100][gc,phases     ] GC(7)   Pre Evacuate Collection Set: 0.6ms
[2023-08-16T10:38:36.777+0100][gc,phases     ] GC(7)   Evacuate Collection Set: 4.1ms
[2023-08-16T10:38:36.778+0100][gc,phases     ] GC(7)   Post Evacuate Collection Set: 1.1ms
[2023-08-16T10:38:36.778+0100][gc,phases     ] GC(7)   Other: 1.4ms
[2023-08-16T10:38:36.779+0100][gc,heap       ] GC(7) Eden regions: 47->0(46)
[2023-08-16T10:38:36.779+0100][gc,heap       ] GC(7) Survivor regions: 4->5(7)
[2023-08-16T10:38:36.780+0100][gc,heap       ] GC(7) Old regions: 12->12
[2023-08-16T10:38:36.780+0100][gc,heap       ] GC(7) Humongous regions: 138->138
[2023-08-16T10:38:36.781+0100][gc,metaspace  ] GC(7) Metaspace: 37673K(39552K)->37673K(39552K) NonClass: 33479K(34560K)->33479K(34560K) Class: 4194K(4992K)->4194K(4992K)
[2023-08-16T10:38:36.781+0100][gc            ] GC(7) Pause Young (Normal) (G1 Evacuation Pause) 198M->153M(1024M) 11.718ms
[2023-08-16T10:38:36.782+0100][gc,cpu        ] GC(7) User=0.03s Sys=0.02s Real=0.02s
[2023-08-16T10:54:06.736+0100][gc,start      ] GC(8) Pause Young (Normal) (G1 Evacuation Pause)
[2023-08-16T10:54:06.737+0100][gc,task       ] GC(8) Using 10 workers of 10 for evacuation
[2023-08-16T10:54:06.745+0100][gc,phases     ] GC(8)   Pre Evacuate Collection Set: 1.0ms
[2023-08-16T10:54:06.746+0100][gc,phases     ] GC(8)   Evacuate Collection Set: 5.2ms
[2023-08-16T10:54:06.747+0100][gc,phases     ] GC(8)   Post Evacuate Collection Set: 1.3ms
[2023-08-16T10:54:06.748+0100][gc,phases     ] GC(8)   Other: 1.7ms
[2023-08-16T10:54:06.748+0100][gc,heap       ] GC(8) Eden regions: 46->0(48)
[2023-08-16T10:54:06.749+0100][gc,heap       ] GC(8) Survivor regions: 5->3(7)
[2023-08-16T10:54:06.750+0100][gc,heap       ] GC(8) Old regions: 12->15
[2023-08-16T10:54:06.750+0100][gc,heap       ] GC(8) Humongous regions: 138->138
[2023-08-16T10:54:06.751+0100][gc,metaspace  ] GC(8) Metaspace: 38234K(40064K)->38234K(40064K) NonClass: 33971K(35072K)->33971K(35072K) Class: 4262K(4992K)->4262K(4992K)
[2023-08-16T10:54:06.751+0100][gc            ] GC(8) Pause Young (Normal) (G1 Evacuation Pause) 199M->153M(1024M) 14.792ms
[2023-08-16T10:54:06.752+0100][gc,cpu        ] GC(8) User=0.04s Sys=0.02s Real=0.01s
[2023-08-16T11:50:25.114+0100][gc,start      ] GC(9) Pause Young (Normal) (G1 Evacuation Pause)
[2023-08-16T11:50:25.114+0100][gc,task       ] GC(9) Using 10 workers of 10 for evacuation
[2023-08-16T11:50:25.125+0100][gc,phases     ] GC(9)   Pre Evacuate Collection Set: 1.8ms
[2023-08-16T11:50:25.125+0100][gc,phases     ] GC(9)   Evacuate Collection Set: 6.0ms
[2023-08-16T11:50:25.125+0100][gc,phases     ] GC(9)   Post Evacuate Collection Set: 1.6ms
[2023-08-16T11:50:25.126+0100][gc,phases     ] GC(9)   Other: 1.7ms
[2023-08-16T11:50:25.126+0100][gc,heap       ] GC(9) Eden regions: 48->0(47)
[2023-08-16T11:50:25.126+0100][gc,heap       ] GC(9) Survivor regions: 3->4(7)
[2023-08-16T11:50:25.127+0100][gc,heap       ] GC(9) Old regions: 15->15
[2023-08-16T11:50:25.127+0100][gc,heap       ] GC(9) Humongous regions: 138->138
[2023-08-16T11:50:25.127+0100][gc,metaspace  ] GC(9) Metaspace: 38294K(40064K)->38294K(40064K) NonClass: 34031K(35072K)->34031K(35072K) Class: 4262K(4992K)->4262K(4992K)
[2023-08-16T11:50:25.128+0100][gc            ] GC(9) Pause Young (Normal) (G1 Evacuation Pause) 201M->153M(1024M) 14.144ms
[2023-08-16T11:50:25.128+0100][gc,cpu        ] GC(9) User=0.06s Sys=0.00s Real=0.01s
[2023-08-16T12:07:56.084+0100][gc,start      ] GC(10) Pause Young (Normal) (G1 Evacuation Pause)
[2023-08-16T12:07:56.084+0100][gc,task       ] GC(10) Using 10 workers of 10 for evacuation
[2023-08-16T12:07:56.105+0100][gc,mmu        ] GC(10) MMU target violated: 20.3ms (20.0ms/21.0ms)
[2023-08-16T12:07:56.106+0100][gc,phases     ] GC(10)   Pre Evacuate Collection Set: 0.4ms
[2023-08-16T12:07:56.106+0100][gc,phases     ] GC(10)   Evacuate Collection Set: 11.1ms
[2023-08-16T12:07:56.107+0100][gc,phases     ] GC(10)   Post Evacuate Collection Set: 8.6ms
[2023-08-16T12:07:56.107+0100][gc,phases     ] GC(10)   Other: 1.8ms
[2023-08-16T12:07:56.107+0100][gc,heap       ] GC(10) Eden regions: 47->0(47)
[2023-08-16T12:07:56.108+0100][gc,heap       ] GC(10) Survivor regions: 4->4(7)
[2023-08-16T12:07:56.108+0100][gc,heap       ] GC(10) Old regions: 15->15
[2023-08-16T12:07:56.108+0100][gc,heap       ] GC(10) Humongous regions: 147->147
[2023-08-16T12:07:56.109+0100][gc,metaspace  ] GC(10) Metaspace: 38520K(40448K)->38520K(40448K) NonClass: 34220K(35328K)->34220K(35328K) Class: 4300K(5120K)->4300K(5120K)
[2023-08-16T12:07:56.109+0100][gc            ] GC(10) Pause Young (Normal) (G1 Evacuation Pause) 209M->163M(1024M) 25.440ms
[2023-08-16T12:07:56.110+0100][gc,cpu        ] GC(10) User=0.18s Sys=0.00s Real=0.02s
[2023-08-16T12:26:25.052+0100][gc,start      ] GC(11) Pause Young (Normal) (G1 Evacuation Pause)
[2023-08-16T12:26:25.053+0100][gc,task       ] GC(11) Using 10 workers of 10 for evacuation
[2023-08-16T12:26:25.066+0100][gc,phases     ] GC(11)   Pre Evacuate Collection Set: 0.3ms
[2023-08-16T12:26:25.067+0100][gc,phases     ] GC(11)   Evacuate Collection Set: 11.0ms
[2023-08-16T12:26:25.067+0100][gc,phases     ] GC(11)   Post Evacuate Collection Set: 1.3ms
[2023-08-16T12:26:25.067+0100][gc,phases     ] GC(11)   Other: 1.5ms
[2023-08-16T12:26:25.068+0100][gc,heap       ] GC(11) Eden regions: 47->0(54)
[2023-08-16T12:26:25.068+0100][gc,heap       ] GC(11) Survivor regions: 4->4(7)
[2023-08-16T12:26:25.069+0100][gc,heap       ] GC(11) Old regions: 15->15
[2023-08-16T12:26:25.069+0100][gc,heap       ] GC(11) Humongous regions: 147->147
[2023-08-16T12:26:25.070+0100][gc,metaspace  ] GC(11) Metaspace: 38559K(40448K)->38559K(40448K) NonClass: 34258K(35328K)->34258K(35328K) Class: 4300K(5120K)->4300K(5120K)
[2023-08-16T12:26:25.070+0100][gc            ] GC(11) Pause Young (Normal) (G1 Evacuation Pause) 210M->162M(1024M) 18.152ms
[2023-08-16T12:26:25.071+0100][gc,cpu        ] GC(11) User=0.11s Sys=0.00s Real=0.02s
[2023-08-16T12:47:53.315+0100][gc,start      ] GC(12) Pause Young (Normal) (G1 Evacuation Pause)
[2023-08-16T12:47:53.316+0100][gc,task       ] GC(12) Using 10 workers of 10 for evacuation
[2023-08-16T12:47:53.325+0100][gc,phases     ] GC(12)   Pre Evacuate Collection Set: 0.6ms
[2023-08-16T12:47:53.326+0100][gc,phases     ] GC(12)   Evacuate Collection Set: 6.4ms
[2023-08-16T12:47:53.326+0100][gc,phases     ] GC(12)   Post Evacuate Collection Set: 1.4ms
[2023-08-16T12:47:53.326+0100][gc,phases     ] GC(12)   Other: 1.3ms
[2023-08-16T12:47:53.327+0100][gc,heap       ] GC(12) Eden regions: 54->0(185)
[2023-08-16T12:47:53.327+0100][gc,heap       ] GC(12) Survivor regions: 4->4(8)
[2023-08-16T12:47:53.328+0100][gc,heap       ] GC(12) Old regions: 15->15
[2023-08-16T12:47:53.328+0100][gc,heap       ] GC(12) Humongous regions: 147->147
[2023-08-16T12:47:53.329+0100][gc,metaspace  ] GC(12) Metaspace: 38596K(40448K)->38596K(40448K) NonClass: 34296K(35328K)->34296K(35328K) Class: 4300K(5120K)->4300K(5120K)
[2023-08-16T12:47:53.329+0100][gc            ] GC(12) Pause Young (Normal) (G1 Evacuation Pause) 216M->162M(1024M) 13.763ms
[2023-08-16T12:47:53.330+0100][gc,cpu        ] GC(12) User=0.04s Sys=0.02s Real=0.02s
[2023-08-16T13:06:34.786+0100][gc,heap,exit  ] Heap
[2023-08-16T13:06:34.787+0100][gc,heap,exit  ]  garbage-first heap   total 1048576K, used 226293K [0x00000000c0000000, 0x0000000100000000)
[2023-08-16T13:06:34.788+0100][gc,heap,exit  ]   region size 1024K, 64 young (65536K), 4 survivors (4096K)
[2023-08-16T13:06:34.788+0100][gc,heap,exit  ]  Metaspace       used 39326K, capacity 41084K, committed 41216K, reserved 1085440K
[2023-08-16T13:06:34.789+0100][gc,heap,exit  ]   class space    used 4489K, capacity 5299K, committed 5376K, reserved 1048576K
